Archive member included because of file (symbol)

d:/program files/microchip/xc32/v2.50/bin/bin/../../lib/gcc/pic32mx/4.8.3/../../../../pic32mx/lib/micromips\libsupc++.a(class_type_info.o)
                              build/default/production/main.o (vtable for __cxxabiv1::__class_type_info)
d:/program files/microchip/xc32/v2.50/bin/bin/../../lib/gcc/pic32mx/4.8.3/../../../../pic32mx/lib/micromips\libsupc++.a(del_op.o)
                              build/default/production/main.o (operator delete(void*))
d:/program files/microchip/xc32/v2.50/bin/bin/../../lib/gcc/pic32mx/4.8.3/../../../../pic32mx/lib/micromips\libsupc++.a(eh_alloc.o)
                              build/default/production/main.o (__cxa_allocate_exception)
d:/program files/microchip/xc32/v2.50/bin/bin/../../lib/gcc/pic32mx/4.8.3/../../../../pic32mx/lib/micromips\libsupc++.a(eh_catch.o)
                              build/default/production/main.o (__cxa_begin_catch)
d:/program files/microchip/xc32/v2.50/bin/bin/../../lib/gcc/pic32mx/4.8.3/../../../../pic32mx/lib/micromips\libsupc++.a(eh_exception.o)
                              build/default/production/main.o (std::exception::~exception())
d:/program files/microchip/xc32/v2.50/bin/bin/../../lib/gcc/pic32mx/4.8.3/../../../../pic32mx/lib/micromips\libsupc++.a(eh_globals.o)
                              d:/program files/microchip/xc32/v2.50/bin/bin/../../lib/gcc/pic32mx/4.8.3/../../../../pic32mx/lib/micromips\libsupc++.a(eh_catch.o) (__cxa_get_globals_fast)
d:/program files/microchip/xc32/v2.50/bin/bin/../../lib/gcc/pic32mx/4.8.3/../../../../pic32mx/lib/micromips\libsupc++.a(eh_personality.o)
                              build/default/production/main.o (__gxx_personality_sj0)
d:/program files/microchip/xc32/v2.50/bin/bin/../../lib/gcc/pic32mx/4.8.3/../../../../pic32mx/lib/micromips\libsupc++.a(eh_terminate.o)
                              d:/program files/microchip/xc32/v2.50/bin/bin/../../lib/gcc/pic32mx/4.8.3/../../../../pic32mx/lib/micromips\libsupc++.a(eh_personality.o) (__cxxabiv1::__terminate(void (*)()))
d:/program files/microchip/xc32/v2.50/bin/bin/../../lib/gcc/pic32mx/4.8.3/../../../../pic32mx/lib/micromips\libsupc++.a(eh_throw.o)
                              build/default/production/main.o (__cxa_throw)
d:/program files/microchip/xc32/v2.50/bin/bin/../../lib/gcc/pic32mx/4.8.3/../../../../pic32mx/lib/micromips\libsupc++.a(eh_unex_handler.o)
                              d:/program files/microchip/xc32/v2.50/bin/bin/../../lib/gcc/pic32mx/4.8.3/../../../../pic32mx/lib/micromips\libsupc++.a(eh_terminate.o) (__cxxabiv1::__unexpected_handler)
d:/program files/microchip/xc32/v2.50/bin/bin/../../lib/gcc/pic32mx/4.8.3/../../../../pic32mx/lib/micromips\libsupc++.a(new_op.o)
                              build/default/production/main.o (operator new(unsigned long))
d:/program files/microchip/xc32/v2.50/bin/bin/../../lib/gcc/pic32mx/4.8.3/../../../../pic32mx/lib/micromips\libsupc++.a(si_class_type_info.o)
                              build/default/production/main.o (vtable for __cxxabiv1::__si_class_type_info)
d:/program files/microchip/xc32/v2.50/bin/bin/../../lib/gcc/pic32mx/4.8.3/../../../../pic32mx/lib/micromips\libsupc++.a(tinfo.o)
                              d:/program files/microchip/xc32/v2.50/bin/bin/../../lib/gcc/pic32mx/4.8.3/../../../../pic32mx/lib/micromips\libsupc++.a(class_type_info.o) (std::type_info::~type_info())
d:/program files/microchip/xc32/v2.50/bin/bin/../../lib/gcc/pic32mx/4.8.3/../../../../pic32mx/lib/micromips\libsupc++.a(pure.o)
                              build/default/production/main.o (__cxa_pure_virtual)
d:/program files/microchip/xc32/v2.50/bin/bin/../../lib/gcc/pic32mx/4.8.3/../../../../pic32mx/lib/micromips\libsupc++.a(eh_call.o)
                              d:/program files/microchip/xc32/v2.50/bin/bin/../../lib/gcc/pic32mx/4.8.3/../../../../pic32mx/lib/micromips\libsupc++.a(eh_personality.o) (__cxa_call_terminate)
d:/program files/microchip/xc32/v2.50/bin/bin/../../lib/gcc/pic32mx/4.8.3/../../../../pic32mx/lib/micromips\libsupc++.a(eh_term_handler.o)
                              d:/program files/microchip/xc32/v2.50/bin/bin/../../lib/gcc/pic32mx/4.8.3/../../../../pic32mx/lib/micromips\libsupc++.a(eh_terminate.o) (__cxxabiv1::__terminate_handler)
d:/program files/microchip/xc32/v2.50/bin/bin/../../lib/gcc/pic32mx/4.8.3/../../../../pic32mx/lib/micromips\libsupc++.a(new_handler.o)
                              d:/program files/microchip/xc32/v2.50/bin/bin/../../lib/gcc/pic32mx/4.8.3/../../../../pic32mx/lib/micromips\libsupc++.a(new_op.o) (__new_handler)
d:/program files/microchip/xc32/v2.50/bin/bin/../../lib/gcc/pic32mx/4.8.3/micromips\libgcc.a(unwind-sjlj.o)
                              build/default/production/main.o (_Unwind_SjLj_Register)
d:/program files/microchip/xc32/v2.50/bin/bin/../../lib/gcc/pic32mx/4.8.3/../../../../pic32mx/lib/micromips\libpic32.a(memcpy.o)
                              build/default/production/main.o (memcpy)
[...]
Memory Configuration

Name             Origin             Length             Attributes
kseg0_program_mem 0x9d000000         0x00040000         xr
debug_exec_mem   0x9fc00490         0x00000760
kseg0_boot_mem   0x9fc00490         0x00000000
kseg1_boot_mem   0xbfc00000         0x00000490
config_BFC01744  0xbfc01744         0x00000004
config_BFC01748  0xbfc01748         0x00000004
config_BFC0174C  0xbfc0174c         0x00000004
config_BFC01750  0xbfc01750         0x00000004
config_BFC01754  0xbfc01754         0x00000004
config_BFC01758  0xbfc01758         0x00000004
config_BFC01760  0xbfc01760         0x00000004
config_BFC017C4  0xbfc017c4         0x00000004
config_BFC017C8  0xbfc017c8         0x00000004
config_BFC017CC  0xbfc017cc         0x00000004
config_BFC017D0  0xbfc017d0         0x00000004
config_BFC017D4  0xbfc017d4         0x00000004
config_BFC017D8  0xbfc017d8         0x00000004
config_BFC017E0  0xbfc017e0         0x00000004
kseg0_data_mem   0x80000000         0x00008000         w !x
sfrs             0xbf800000         0x00100000
configsfrs_BFC01740 0xbfc01740         0x0000001c
configsfrs_BFC017C0 0xbfc017c0         0x0000001c
*default*        0x00000000         0xffffffff

Linker script and memory map

LOAD d:/program files/microchip/xc32/v2.50/bin/bin/../../lib/gcc/pic32mx/4.8.3/micromips/crti.o
LOAD d:/program files/microchip/xc32/v2.50/bin/bin/../../lib/gcc/pic32mx/4.8.3/micromips/crtbegin.o
LOAD build/default/production/main.o
                0x00000001                __MPLAB_BUILD = 0x1
LOAD d:/program files/microchip/xc32/v2.50/bin/bin/../../lib/gcc/pic32mx/4.8.3/../../../../pic32mx/lib/micromips\libsupc++.a
LOAD C:\Users\hoang\AppData\Local\Temp\ccMoW1mQ.o
LOAD C:\Users\hoang\AppData\Local\Temp\cclKKak0.o
LOAD C:\Users\hoang\AppData\Local\Temp\ccFXkMDy.o
LOAD d:/program files/microchip/xc32/v2.50/bin/bin/../../lib/gcc/pic32mx/4.8.3/../../../../pic32mx/lib/micromips\pic32_software_reset-mm.o
                0x00000400                PROVIDE (_min_stack_size, 0x400)
                0x00000001                PROVIDE (_vector_spacing, 0x1)
                0x9d000000                PROVIDE (_ebase_address, 0x9d000000)
                0xbfc00000                _RESET_ADDR = 0xbfc00000
                0xbfc00380                _BEV_EXCPT_ADDR = 0xbfc00380
                0xbfc00480                _DBG_EXCPT_ADDR = 0xbfc00480
                0x9fc00490                _DBG_CODE_ADDR = 0x9fc00490
                0x00000760                _DBG_CODE_SIZE = 0x760
                0x9d000000                _SIMPLE_TLB_REFILL_EXCPT_ADDR = (_ebase_address + 0x0)
                0x9d000180                _GEN_EXCPT_ADDR = (_ebase_address + 0x180)

.config_BFC01744
 *(.config_BFC01744)

.config_BFC01748
 *(.config_BFC01748)

.config_BFC0174C
 *(.config_BFC0174C)

.config_BFC01750
 *(.config_BFC01750)

.config_BFC01754
 *(.config_BFC01754)

.config_BFC01758
 *(.config_BFC01758)

.config_BFC01760
 *(.config_BFC01760)

.config_BFC017C4
 *(.config_BFC017C4)

.config_BFC017C8
 *(.config_BFC017C8)

.config_BFC017CC
 *(.config_BFC017CC)

.config_BFC017D0
 *(.config_BFC017D0)

.config_BFC017D4
 *(.config_BFC017D4)

.config_BFC017D8
 *(.config_BFC017D8)

.config_BFC017E0
 *(.config_BFC017E0)

.reset          0xbfc00000      0x164
 *(.reset)
 .reset         0xbfc00000        0x8 C:\Users\hoang\AppData\Local\Temp\ccMoW1mQ.o
                0xbfc00001                _reset
 *(.reset.startup)
 .reset.startup
                0xbfc00008      0x15c C:\Users\hoang\AppData\Local\Temp\ccMoW1mQ.o
                0xbfc00009                _startup

.bev_excpt      0xbfc00380        0xc
 *(.bev_handler)
 .bev_handler   0xbfc00380        0xc C:\Users\hoang\AppData\Local\Temp\ccMoW1mQ.o

.dbg_excpt      0xbfc00480        0x0
                0xbfc00480                . = (. + DEFINED (_DEBUGGER)?0x8:0x0)

.dbg_code       0x9fc00490        0x0
                0x9fc00490                . = (. + DEFINED (_DEBUGGER)?_DBG_CODE_SIZE:0x0)

.app_excpt      0x9d000180        0xc
 *(.gen_handler)
 .gen_handler   0x9d000180        0xc C:\Users\hoang\AppData\Local\Temp\ccMoW1mQ.o

.vector_0       0x9d000200        0x8
 *(.vector_0)
 .vector_0      0x9d000200        0x8 d:/program files/microchip/xc32/v2.50/bin/bin/../../lib/gcc/pic32mx/4.8.3/../../../../pic32mx/lib/micromips\libpic32.a(vector0.o)
                0x9d000201                __vector_dispatch_0
                0x00000001                ASSERT (((_vector_spacing == 0x0) || (SIZEOF (.vector_0) <= (_vector_spacing << 0x3))), function at exception vector 0 too large)

.vector_1       0x9d000208        0x8
 *(.vector_1)
 .vector_1      0x9d000208        0x8 d:/program files/microchip/xc32/v2.50/bin/bin/../../lib/gcc/pic32mx/4.8.3/../../../../pic32mx/lib/micromips\libpic32.a(vector1.o)
                0x9d000209                __vector_dispatch_1
                0x00000001                ASSERT (((_vector_spacing == 0x0) || (SIZEOF (.vector_1) <= (_vector_spacing << 0x3))), function at exception vector 1 too large)

.vector_2       0x9d000210        0x8
 *(.vector_2)
 .vector_2      0x9d000210        0x8 d:/program files/microchip/xc32/v2.50/bin/bin/../../lib/gcc/pic32mx/4.8.3/../../../../pic32mx/lib/micromips\libpic32.a(vector2.o)
                0x9d000211                __vector_dispatch_2
                0x00000001                ASSERT (((_vector_spacing == 0x0) || (SIZEOF (.vector_2) <= (_vector_spacing << 0x3))), function at exception vector 2 too large)

.vector_3       0x9d000218        0x8
 *(.vector_3)
 .vector_3      0x9d000218        0x8 d:/program files/microchip/xc32/v2.50/bin/bin/../../lib/gcc/pic32mx/4.8.3/../../../../pic32mx/lib/micromips\libpic32.a(vector3.o)
                0x9d000219                __vector_dispatch_3
                0x00000001                ASSERT (((_vector_spacing == 0x0) || (SIZEOF (.vector_3) <= (_vector_spacing << 0x3))), function at exception vector 3 too large)

.vector_4       0x9d000220        0x8
 *(.vector_4)
 .vector_4      0x9d000220        0x8 d:/program files/microchip/xc32/v2.50/bin/bin/../../lib/gcc/pic32mx/4.8.3/../../../../pic32mx/lib/micromips\libpic32.a(vector4.o)
                0x9d000221                __vector_dispatch_4
                0x00000001                ASSERT (((_vector_spacing == 0x0) || (SIZEOF (.vector_4) <= (_vector_spacing << 0x3))), function at exception vector 4 too large)

.vector_5       0x9d000228        0x8
 *(.vector_5)
 .vector_5      0x9d000228        0x8 d:/program files/microchip/xc32/v2.50/bin/bin/../../lib/gcc/pic32mx/4.8.3/../../../../pic32mx/lib/micromips\libpic32.a(vector5.o)
                0x9d000229                __vector_dispatch_5
                0x00000001                ASSERT (((_vector_spacing == 0x0) || (SIZEOF (.vector_5) <= (_vector_spacing << 0x3))), function at exception vector 5 too large)

.vector_6       0x9d000230        0x8
 *(.vector_6)
 .vector_6      0x9d000230        0x8 d:/program files/microchip/xc32/v2.50/bin/bin/../../lib/gcc/pic32mx/4.8.3/../../../../pic32mx/lib/micromips\libpic32.a(vector6.o)
                0x9d000231                __vector_dispatch_6
                0x00000001                ASSERT (((_vector_spacing == 0x0) || (SIZEOF (.vector_6) <= (_vector_spacing << 0x3))), function at exception vector 6 too large)

.vector_7       0x9d000238        0x8
 *(.vector_7)
 .vector_7      0x9d000238        0x8 d:/program files/microchip/xc32/v2.50/bin/bin/../../lib/gcc/pic32mx/4.8.3/../../../../pic32mx/lib/micromips\libpic32.a(vector7.o)
                0x9d000239                __vector_dispatch_7
                0x00000001                ASSERT (((_vector_spacing == 0x0) || (SIZEOF (.vector_7) <= (_vector_spacing << 0x3))), function at exception vector 7 too large)

.vector_8       0x9d000240        0x8
 *(.vector_8)
 .vector_8      0x9d000240        0x8 d:/program files/microchip/xc32/v2.50/bin/bin/../../lib/gcc/pic32mx/4.8.3/../../../../pic32mx/lib/micromips\libpic32.a(vector8.o)
                0x9d000241                __vector_dispatch_8
                0x00000001                ASSERT (((_vector_spacing == 0x0) || (SIZEOF (.vector_8) <= (_vector_spacing << 0x3))), function at exception vector 8 too large)

.vector_9       0x9d000248        0x8
 *(.vector_9)
 .vector_9      0x9d000248        0x8 d:/program files/microchip/xc32/v2.50/bin/bin/../../lib/gcc/pic32mx/4.8.3/../../../../pic32mx/lib/micromips\libpic32.a(vector9.o)
                0x9d000249                __vector_dispatch_9
                0x00000001                ASSERT (((_vector_spacing == 0x0) || (SIZEOF (.vector_9) <= (_vector_spacing << 0x3))), function at exception vector 9 too large)

.vector_10      0x9d000250        0x8
 *(.vector_10)
 .vector_10     0x9d000250        0x8 d:/program files/microchip/xc32/v2.50/bin/bin/../../lib/gcc/pic32mx/4.8.3/../../../../pic32mx/lib/micromips\libpic32.a(vector10.o)
                0x9d000251                __vector_dispatch_10
                0x00000001                ASSERT (((_vector_spacing == 0x0) || (SIZEOF (.vector_10) <= (_vector_spacing << 0x3))), function at exception vector 10 too large)

.vector_11      0x9d000258        0x8
 *(.vector_11)
 .vector_11     0x9d000258        0x8 d:/program files/microchip/xc32/v2.50/bin/bin/../../lib/gcc/pic32mx/4.8.3/../../../../pic32mx/lib/micromips\libpic32.a(vector11.o)
                0x9d000259                __vector_dispatch_11
                0x00000001                ASSERT (((_vector_spacing == 0x0) || (SIZEOF (.vector_11) <= (_vector_spacing << 0x3))), function at exception vector 11 too large)

.vector_12      0x9d000260        0x8
 *(.vector_12)
 .vector_12     0x9d000260        0x8 d:/program files/microchip/xc32/v2.50/bin/bin/../../lib/gcc/pic32mx/4.8.3/../../../../pic32mx/lib/micromips\libpic32.a(vector12.o)
                0x9d000261                __vector_dispatch_12
                0x00000001                ASSERT (((_vector_spacing == 0x0) || (SIZEOF (.vector_12) <= (_vector_spacing << 0x3))), function at exception vector 12 too large)

.vector_13      0x9d000268        0x8
 *(.vector_13)
 .vector_13     0x9d000268        0x8 d:/program files/microchip/xc32/v2.50/bin/bin/../../lib/gcc/pic32mx/4.8.3/../../../../pic32mx/lib/micromips\libpic32.a(vector13.o)
                0x9d000269                __vector_dispatch_13
                0x00000001                ASSERT (((_vector_spacing == 0x0) || (SIZEOF (.vector_13) <= (_vector_spacing << 0x3))), function at exception vector 13 too large)

.vector_14      0x9d000270        0x8
 *(.vector_14)
 .vector_14     0x9d000270        0x8 d:/program files/microchip/xc32/v2.50/bin/bin/../../lib/gcc/pic32mx/4.8.3/../../../../pic32mx/lib/micromips\libpic32.a(vector14.o)
                0x9d000271                __vector_dispatch_14
                0x00000001                ASSERT (((_vector_spacing == 0x0) || (SIZEOF (.vector_14) <= (_vector_spacing << 0x3))), function at exception vector 14 too large)

.vector_15      0x9d000278        0x8
 *(.vector_15)
 .vector_15     0x9d000278        0x8 d:/program files/microchip/xc32/v2.50/bin/bin/../../lib/gcc/pic32mx/4.8.3/../../../../pic32mx/lib/micromips\libpic32.a(vector15.o)
                0x9d000279                __vector_dispatch_15
                0x00000001                ASSERT (((_vector_spacing == 0x0) || (SIZEOF (.vector_15) <= (_vector_spacing << 0x3))), function at exception vector 15 too large)

.vector_16      0x9d000280        0x8
 *(.vector_16)
 .vector_16     0x9d000280        0x8 d:/program files/microchip/xc32/v2.50/bin/bin/../../lib/gcc/pic32mx/4.8.3/../../../../pic32mx/lib/micromips\libpic32.a(vector16.o)
                0x9d000281                __vector_dispatch_16
                0x00000001                ASSERT (((_vector_spacing == 0x0) || (SIZEOF (.vector_16) <= (_vector_spacing << 0x3))), function at exception vector 16 too large)

.vector_17      0x9d000288        0x8
 *(.vector_17)
 .vector_17     0x9d000288        0x8 d:/program files/microchip/xc32/v2.50/bin/bin/../../lib/gcc/pic32mx/4.8.3/../../../../pic32mx/lib/micromips\libpic32.a(vector17.o)
                0x9d000289                __vector_dispatch_17
                0x00000001                ASSERT (((_vector_spacing == 0x0) || (SIZEOF (.vector_17) <= (_vector_spacing << 0x3))), function at exception vector 17 too large)

.vector_18      0x9d000290        0x8
 *(.vector_18)
 .vector_18     0x9d000290        0x8 d:/program files/microchip/xc32/v2.50/bin/bin/../../lib/gcc/pic32mx/4.8.3/../../../../pic32mx/lib/micromips\libpic32.a(vector18.o)
                0x9d000291                __vector_dispatch_18
                0x00000001                ASSERT (((_vector_spacing == 0x0) || (SIZEOF (.vector_18) <= (_vector_spacing << 0x3))), function at exception vector 18 too large)

.vector_19      0x9d000298        0x8
 *(.vector_19)
 .vector_19     0x9d000298        0x8 d:/program files/microchip/xc32/v2.50/bin/bin/../../lib/gcc/pic32mx/4.8.3/../../../../pic32mx/lib/micromips\libpic32.a(vector19.o)
                0x9d000299                __vector_dispatch_19
                0x00000001                ASSERT (((_vector_spacing == 0x0) || (SIZEOF (.vector_19) <= (_vector_spacing << 0x3))), function at exception vector 19 too large)

.vector_20      0x9d0002a0        0x8
 *(.vector_20)
 .vector_20     0x9d0002a0        0x8 d:/program files/microchip/xc32/v2.50/bin/bin/../../lib/gcc/pic32mx/4.8.3/../../../../pic32mx/lib/micromips\libpic32.a(vector20.o)
                0x9d0002a1                __vector_dispatch_20
                0x00000001                ASSERT (((_vector_spacing == 0x0) || (SIZEOF (.vector_20) <= (_vector_spacing << 0x3))), function at exception vector 20 too large)

.vector_21      0x9d0002a8        0x8
 *(.vector_21)
 .vector_21     0x9d0002a8        0x8 d:/program files/microchip/xc32/v2.50/bin/bin/../../lib/gcc/pic32mx/4.8.3/../../../../pic32mx/lib/micromips\libpic32.a(vector21.o)
                0x9d0002a9                __vector_dispatch_21
                0x00000001                ASSERT (((_vector_spacing == 0x0) || (SIZEOF (.vector_21) <= (_vector_spacing << 0x3))), function at exception vector 21 too large)

.vector_22      0x9d0002b0        0x8
 *(.vector_22)
 .vector_22     0x9d0002b0        0x8 d:/program files/microchip/xc32/v2.50/bin/bin/../../lib/gcc/pic32mx/4.8.3/../../../../pic32mx/lib/micromips\libpic32.a(vector22.o)
                0x9d0002b1                __vector_dispatch_22
                0x00000001                ASSERT (((_vector_spacing == 0x0) || (SIZEOF (.vector_22) <= (_vector_spacing << 0x3))), function at exception vector 22 too large)

.vector_23      0x9d0002b8        0x8
 *(.vector_23)
 .vector_23     0x9d0002b8        0x8 d:/program files/microchip/xc32/v2.50/bin/bin/../../lib/gcc/pic32mx/4.8.3/../../../../pic32mx/lib/micromips\libpic32.a(vector23.o)
                0x9d0002b9                __vector_dispatch_23
                0x00000001                ASSERT (((_vector_spacing == 0x0) || (SIZEOF (.vector_23) <= (_vector_spacing << 0x3))), function at exception vector 23 too large)

.vector_24      0x9d0002c0        0x8
 *(.vector_24)
 .vector_24     0x9d0002c0        0x8 d:/program files/microchip/xc32/v2.50/bin/bin/../../lib/gcc/pic32mx/4.8.3/../../../../pic32mx/lib/micromips\libpic32.a(vector24.o)
                0x9d0002c1                __vector_dispatch_24
                0x00000001                ASSERT (((_vector_spacing == 0x0) || (SIZEOF (.vector_24) <= (_vector_spacing << 0x3))), function at exception vector 24 too large)

.vector_25      0x9d0002c8        0x8
 *(.vector_25)
 .vector_25     0x9d0002c8        0x8 d:/program files/microchip/xc32/v2.50/bin/bin/../../lib/gcc/pic32mx/4.8.3/../../../../pic32mx/lib/micromips\libpic32.a(vector25.o)
                0x9d0002c9                __vector_dispatch_25
                0x00000001                ASSERT (((_vector_spacing == 0x0) || (SIZEOF (.vector_25) <= (_vector_spacing << 0x3))), function at exception vector 25 too large)

.vector_26      0x9d0002d0        0x8
 *(.vector_26)
 .vector_26     0x9d0002d0        0x8 d:/program files/microchip/xc32/v2.50/bin/bin/../../lib/gcc/pic32mx/4.8.3/../../../../pic32mx/lib/micromips\libpic32.a(vector26.o)
                0x9d0002d1                __vector_dispatch_26
                0x00000001                ASSERT (((_vector_spacing == 0x0) || (SIZEOF (.vector_26) <= (_vector_spacing << 0x3))), function at exception vector 26 too large)

.vector_27      0x9d0002d8        0x8
 *(.vector_27)
 .vector_27     0x9d0002d8        0x8 d:/program files/microchip/xc32/v2.50/bin/bin/../../lib/gcc/pic32mx/4.8.3/../../../../pic32mx/lib/micromips\libpic32.a(vector27.o)
                0x9d0002d9                __vector_dispatch_27
                0x00000001                ASSERT (((_vector_spacing == 0x0) || (SIZEOF (.vector_27) <= (_vector_spacing << 0x3))), function at exception vector 27 too large)

.vector_28      0x9d0002e0        0x8
 *(.vector_28)
 .vector_28     0x9d0002e0        0x8 d:/program files/microchip/xc32/v2.50/bin/bin/../../lib/gcc/pic32mx/4.8.3/../../../../pic32mx/lib/micromips\libpic32.a(vector28.o)
                0x9d0002e1                __vector_dispatch_28
                0x00000001                ASSERT (((_vector_spacing == 0x0) || (SIZEOF (.vector_28) <= (_vector_spacing << 0x3))), function at exception vector 28 too large)

.vector_29      0x9d0002e8        0x8
 *(.vector_29)
 .vector_29     0x9d0002e8        0x8 d:/program files/microchip/xc32/v2.50/bin/bin/../../lib/gcc/pic32mx/4.8.3/../../../../pic32mx/lib/micromips\libpic32.a(vector29.o)
                0x9d0002e9                __vector_dispatch_29
                0x00000001                ASSERT (((_vector_spacing == 0x0) || (SIZEOF (.vector_29) <= (_vector_spacing << 0x3))), function at exception vector 29 too large)

.vector_30      0x9d0002f0        0x8
 *(.vector_30)
 .vector_30     0x9d0002f0        0x8 d:/program files/microchip/xc32/v2.50/bin/bin/../../lib/gcc/pic32mx/4.8.3/../../../../pic32mx/lib/micromips\libpic32.a(vector30.o)
                0x9d0002f1                __vector_dispatch_30
                0x00000001                ASSERT (((_vector_spacing == 0x0) || (SIZEOF (.vector_30) <= (_vector_spacing << 0x3))), function at exception vector 30 too large)

.vector_31      0x9d0002f8        0x8
 *(.vector_31)
 .vector_31     0x9d0002f8        0x8 d:/program files/microchip/xc32/v2.50/bin/bin/../../lib/gcc/pic32mx/4.8.3/../../../../pic32mx/lib/micromips\libpic32.a(vector31.o)
                0x9d0002f9                __vector_dispatch_31
                0x00000001                ASSERT (((_vector_spacing == 0x0) || (SIZEOF (.vector_31) <= (_vector_spacing << 0x3))), function at exception vector 31 too large)

.vector_32      0x9d000300        0x8
 *(.vector_32)
 .vector_32     0x9d000300        0x8 d:/program files/microchip/xc32/v2.50/bin/bin/../../lib/gcc/pic32mx/4.8.3/../../../../pic32mx/lib/micromips\libpic32.a(vector32.o)
                0x9d000301                __vector_dispatch_32
                0x00000001                ASSERT (((_vector_spacing == 0x0) || (SIZEOF (.vector_32) <= (_vector_spacing << 0x3))), function at exception vector 32 too large)

.vector_33      0x9d000308        0x8
 *(.vector_33)
 .vector_33     0x9d000308        0x8 d:/program files/microchip/xc32/v2.50/bin/bin/../../lib/gcc/pic32mx/4.8.3/../../../../pic32mx/lib/micromips\libpic32.a(vector33.o)
                0x9d000309                __vector_dispatch_33
                0x00000001                ASSERT (((_vector_spacing == 0x0) || (SIZEOF (.vector_33) <= (_vector_spacing << 0x3))), function at exception vector 33 too large)

.vector_34      0x9d000310        0x8
 *(.vector_34)
 .vector_34     0x9d000310        0x8 d:/program files/microchip/xc32/v2.50/bin/bin/../../lib/gcc/pic32mx/4.8.3/../../../../pic32mx/lib/micromips\libpic32.a(vector34.o)
                0x9d000311                __vector_dispatch_34
                0x00000001                ASSERT (((_vector_spacing == 0x0) || (SIZEOF (.vector_34) <= (_vector_spacing << 0x3))), function at exception vector 34 too large)

.vector_35      0x9d000318        0x8
 *(.vector_35)
 .vector_35     0x9d000318        0x8 d:/program files/microchip/xc32/v2.50/bin/bin/../../lib/gcc/pic32mx/4.8.3/../../../../pic32mx/lib/micromips\libpic32.a(vector35.o)
                0x9d000319                __vector_dispatch_35
                0x00000001                ASSERT (((_vector_spacing == 0x0) || (SIZEOF (.vector_35) <= (_vector_spacing << 0x3))), function at exception vector 35 too large)

.vector_36      0x9d000320        0x8
 *(.vector_36)
 .vector_36     0x9d000320        0x8 d:/program files/microchip/xc32/v2.50/bin/bin/../../lib/gcc/pic32mx/4.8.3/../../../../pic32mx/lib/micromips\libpic32.a(vector36.o)
                0x9d000321                __vector_dispatch_36
                0x00000001                ASSERT (((_vector_spacing == 0x0) || (SIZEOF (.vector_36) <= (_vector_spacing << 0x3))), function at exception vector 36 too large)

.vector_37      0x9d000328        0x8
 *(.vector_37)
 .vector_37     0x9d000328        0x8 d:/program files/microchip/xc32/v2.50/bin/bin/../../lib/gcc/pic32mx/4.8.3/../../../../pic32mx/lib/micromips\libpic32.a(vector37.o)
                0x9d000329                __vector_dispatch_37
                0x00000001                ASSERT (((_vector_spacing == 0x0) || (SIZEOF (.vector_37) <= (_vector_spacing << 0x3))), function at exception vector 37 too large)

.vector_38      0x9d000330        0x8
 *(.vector_38)
 .vector_38     0x9d000330        0x8 d:/program files/microchip/xc32/v2.50/bin/bin/../../lib/gcc/pic32mx/4.8.3/../../../../pic32mx/lib/micromips\libpic32.a(vector38.o)
                0x9d000331                __vector_dispatch_38
                0x00000001                ASSERT (((_vector_spacing == 0x0) || (SIZEOF (.vector_38) <= (_vector_spacing << 0x3))), function at exception vector 38 too large)

.vector_39      0x9d000338        0x8
 *(.vector_39)
 .vector_39     0x9d000338        0x8 d:/program files/microchip/xc32/v2.50/bin/bin/../../lib/gcc/pic32mx/4.8.3/../../../../pic32mx/lib/micromips\libpic32.a(vector39.o)
                0x9d000339                __vector_dispatch_39
                0x00000001                ASSERT (((_vector_spacing == 0x0) || (SIZEOF (.vector_39) <= (_vector_spacing << 0x3))), function at exception vector 39 too large)

.vector_40      0x9d000340        0x8
 *(.vector_40)
 .vector_40     0x9d000340        0x8 d:/program files/microchip/xc32/v2.50/bin/bin/../../lib/gcc/pic32mx/4.8.3/../../../../pic32mx/lib/micromips\libpic32.a(vector40.o)
                0x9d000341                __vector_dispatch_40
                0x00000001                ASSERT (((_vector_spacing == 0x0) || (SIZEOF (.vector_40) <= (_vector_spacing << 0x3))), function at exception vector 40 too large)

.vector_41      0x9d000348        0x8
 *(.vector_41)
 .vector_41     0x9d000348        0x8 d:/program files/microchip/xc32/v2.50/bin/bin/../../lib/gcc/pic32mx/4.8.3/../../../../pic32mx/lib/micromips\libpic32.a(vector41.o)
                0x9d000349                __vector_dispatch_41
                0x00000001                ASSERT (((_vector_spacing == 0x0) || (SIZEOF (.vector_41) <= (_vector_spacing << 0x3))), function at exception vector 41 too large)

.vector_42      0x9d000350        0x8
 *(.vector_42)
 .vector_42     0x9d000350        0x8 d:/program files/microchip/xc32/v2.50/bin/bin/../../lib/gcc/pic32mx/4.8.3/../../../../pic32mx/lib/micromips\libpic32.a(vector42.o)
                0x9d000351                __vector_dispatch_42
                0x00000001                ASSERT (((_vector_spacing == 0x0) || (SIZEOF (.vector_42) <= (_vector_spacing << 0x3))), function at exception vector 42 too large)

.vector_43      0x9d000358        0x8
 *(.vector_43)
 .vector_43     0x9d000358        0x8 d:/program files/microchip/xc32/v2.50/bin/bin/../../lib/gcc/pic32mx/4.8.3/../../../../pic32mx/lib/micromips\libpic32.a(vector43.o)
                0x9d000359                __vector_dispatch_43
                0x00000001                ASSERT (((_vector_spacing == 0x0) || (SIZEOF (.vector_43) <= (_vector_spacing << 0x3))), function at exception vector 43 too large)

.vector_44      0x9d000360        0x8
 *(.vector_44)
 .vector_44     0x9d000360        0x8 d:/program files/microchip/xc32/v2.50/bin/bin/../../lib/gcc/pic32mx/4.8.3/../../../../pic32mx/lib/micromips\libpic32.a(vector44.o)
                0x9d000361                __vector_dispatch_44
                0x00000001                ASSERT (((_vector_spacing == 0x0) || (SIZEOF (.vector_44) <= (_vector_spacing << 0x3))), function at exception vector 44 too large)

.vector_45      0x9d000368        0x8
 *(.vector_45)
 .vector_45     0x9d000368        0x8 d:/program files/microchip/xc32/v2.50/bin/bin/../../lib/gcc/pic32mx/4.8.3/../../../../pic32mx/lib/micromips\libpic32.a(vector45.o)
                0x9d000369                __vector_dispatch_45
                0x00000001                ASSERT (((_vector_spacing == 0x0) || (SIZEOF (.vector_45) <= (_vector_spacing << 0x3))), function at exception vector 45 too large)

.vector_46      0x9d000370        0x8
 *(.vector_46)
 .vector_46     0x9d000370        0x8 d:/program files/microchip/xc32/v2.50/bin/bin/../../lib/gcc/pic32mx/4.8.3/../../../../pic32mx/lib/micromips\libpic32.a(vector46.o)
                0x9d000371                __vector_dispatch_46
                0x00000001                ASSERT (((_vector_spacing == 0x0) || (SIZEOF (.vector_46) <= (_vector_spacing << 0x3))), function at exception vector 46 too large)

.vector_47      0x9d000378        0x8
 *(.vector_47)
 .vector_47     0x9d000378        0x8 d:/program files/microchip/xc32/v2.50/bin/bin/../../lib/gcc/pic32mx/4.8.3/../../../../pic32mx/lib/micromips\libpic32.a(vector47.o)
                0x9d000379                __vector_dispatch_47
                0x00000001                ASSERT (((_vector_spacing == 0x0) || (SIZEOF (.vector_47) <= (_vector_spacing << 0x3))), function at exception vector 47 too large)

.vector_48      0x9d000380        0x8
 *(.vector_48)
 .vector_48     0x9d000380        0x8 d:/program files/microchip/xc32/v2.50/bin/bin/../../lib/gcc/pic32mx/4.8.3/../../../../pic32mx/lib/micromips\libpic32.a(vector48.o)
                0x9d000381                __vector_dispatch_48
                0x00000001                ASSERT (((_vector_spacing == 0x0) || (SIZEOF (.vector_48) <= (_vector_spacing << 0x3))), function at exception vector 48 too large)

.vector_49      0x9d000388        0x8
 *(.vector_49)
 .vector_49     0x9d000388        0x8 d:/program files/microchip/xc32/v2.50/bin/bin/../../lib/gcc/pic32mx/4.8.3/../../../../pic32mx/lib/micromips\libpic32.a(vector49.o)
                0x9d000389                __vector_dispatch_49
                0x00000001                ASSERT (((_vector_spacing == 0x0) || (SIZEOF (.vector_49) <= (_vector_spacing << 0x3))), function at exception vector 49 too large)

.vector_50      0x9d000390        0x8
 *(.vector_50)
 .vector_50     0x9d000390        0x8 d:/program files/microchip/xc32/v2.50/bin/bin/../../lib/gcc/pic32mx/4.8.3/../../../../pic32mx/lib/micromips\libpic32.a(vector50.o)
                0x9d000391                __vector_dispatch_50
                0x00000001                ASSERT (((_vector_spacing == 0x0) || (SIZEOF (.vector_50) <= (_vector_spacing << 0x3))), function at exception vector 50 too large)

.vector_51      0x9d000398        0x8
 *(.vector_51)
 .vector_51     0x9d000398        0x8 d:/program files/microchip/xc32/v2.50/bin/bin/../../lib/gcc/pic32mx/4.8.3/../../../../pic32mx/lib/micromips\libpic32.a(vector51.o)
                0x9d000399                __vector_dispatch_51
                0x00000001                ASSERT (((_vector_spacing == 0x0) || (SIZEOF (.vector_51) <= (_vector_spacing << 0x3))), function at exception vector 51 too large)

.vector_52      0x9d0003a0        0x8
 *(.vector_52)
 .vector_52     0x9d0003a0        0x8 d:/program files/microchip/xc32/v2.50/bin/bin/../../lib/gcc/pic32mx/4.8.3/../../../../pic32mx/lib/micromips\libpic32.a(vector52.o)
                0x9d0003a1                __vector_dispatch_52
                0x00000001                ASSERT (((_vector_spacing == 0x0) || (SIZEOF (.vector_52) <= (_vector_spacing << 0x3))), function at exception vector 52 too large)

.vector_53      0x9d0003a8        0x8
 *(.vector_53)
 .vector_53     0x9d0003a8        0x8 d:/program files/microchip/xc32/v2.50/bin/bin/../../lib/gcc/pic32mx/4.8.3/../../../../pic32mx/lib/micromips\libpic32.a(vector53.o)
                0x9d0003a9                __vector_dispatch_53
                0x00000001                ASSERT (((_vector_spacing == 0x0) || (SIZEOF (.vector_53) <= (_vector_spacing << 0x3))), function at exception vector 53 too large)

.vector_54      0x9d0003b0        0x8
 *(.vector_54)
 .vector_54     0x9d0003b0        0x8 d:/program files/microchip/xc32/v2.50/bin/bin/../../lib/gcc/pic32mx/4.8.3/../../../../pic32mx/lib/micromips\libpic32.a(vector54.o)
                0x9d0003b1                __vector_dispatch_54
                0x00000001                ASSERT (((_vector_spacing == 0x0) || (SIZEOF (.vector_54) <= (_vector_spacing << 0x3))), function at exception vector 54 too large)

.vector_55      0x9d0003b8        0x8
 *(.vector_55)
 .vector_55     0x9d0003b8        0x8 d:/program files/microchip/xc32/v2.50/bin/bin/../../lib/gcc/pic32mx/4.8.3/../../../../pic32mx/lib/micromips\libpic32.a(vector55.o)
                0x9d0003b9                __vector_dispatch_55
                0x00000001                ASSERT (((_vector_spacing == 0x0) || (SIZEOF (.vector_55) <= (_vector_spacing << 0x3))), function at exception vector 55 too large)

.vector_56      0x9d0003c0        0x8
 *(.vector_56)
 .vector_56     0x9d0003c0        0x8 d:/program files/microchip/xc32/v2.50/bin/bin/../../lib/gcc/pic32mx/4.8.3/../../../../pic32mx/lib/micromips\libpic32.a(vector56.o)
                0x9d0003c1                __vector_dispatch_56
                0x00000001                ASSERT (((_vector_spacing == 0x0) || (SIZEOF (.vector_56) <= (_vector_spacing << 0x3))), function at exception vector 56 too large)

.vector_57      0x9d0003c8        0x8
 *(.vector_57)
 .vector_57     0x9d0003c8        0x8 d:/program files/microchip/xc32/v2.50/bin/bin/../../lib/gcc/pic32mx/4.8.3/../../../../pic32mx/lib/micromips\libpic32.a(vector57.o)
                0x9d0003c9                __vector_dispatch_57
                0x00000001                ASSERT (((_vector_spacing == 0x0) || (SIZEOF (.vector_57) <= (_vector_spacing << 0x3))), function at exception vector 57 too large)

.vector_58      0x9d0003d0        0x8
 *(.vector_58)
 .vector_58     0x9d0003d0        0x8 d:/program files/microchip/xc32/v2.50/bin/bin/../../lib/gcc/pic32mx/4.8.3/../../../../pic32mx/lib/micromips\libpic32.a(vector58.o)
                0x9d0003d1                __vector_dispatch_58
                0x00000001                ASSERT (((_vector_spacing == 0x0) || (SIZEOF (.vector_58) <= (_vector_spacing << 0x3))), function at exception vector 58 too large)

.vector_59      0x9d0003d8        0x8
 *(.vector_59)
 .vector_59     0x9d0003d8        0x8 d:/program files/microchip/xc32/v2.50/bin/bin/../../lib/gcc/pic32mx/4.8.3/../../../../pic32mx/lib/micromips\libpic32.a(vector59.o)
                0x9d0003d9                __vector_dispatch_59
                0x00000001                ASSERT (((_vector_spacing == 0x0) || (SIZEOF (.vector_59) <= (_vector_spacing << 0x3))), function at exception vector 59 too large)

.vector_60      0x9d0003e0        0x8
 *(.vector_60)
 .vector_60     0x9d0003e0        0x8 d:/program files/microchip/xc32/v2.50/bin/bin/../../lib/gcc/pic32mx/4.8.3/../../../../pic32mx/lib/micromips\libpic32.a(vector60.o)
                0x9d0003e1                __vector_dispatch_60
                0x00000001                ASSERT (((_vector_spacing == 0x0) || (SIZEOF (.vector_60) <= (_vector_spacing << 0x3))), function at exception vector 60 too large)

.vector_61      0x9d0003e8        0x8
 *(.vector_61)
 .vector_61     0x9d0003e8        0x8 d:/program files/microchip/xc32/v2.50/bin/bin/../../lib/gcc/pic32mx/4.8.3/../../../../pic32mx/lib/micromips\libpic32.a(vector61.o)
                0x9d0003e9                __vector_dispatch_61
                0x00000001                ASSERT (((_vector_spacing == 0x0) || (SIZEOF (.vector_61) <= (_vector_spacing << 0x3))), function at exception vector 61 too large)

.vector_62      0x9d0003f0        0x8
 *(.vector_62)
 .vector_62     0x9d0003f0        0x8 d:/program files/microchip/xc32/v2.50/bin/bin/../../lib/gcc/pic32mx/4.8.3/../../../../pic32mx/lib/micromips\libpic32.a(vector62.o)
                0x9d0003f1                __vector_dispatch_62
                0x00000001                ASSERT (((_vector_spacing == 0x0) || (SIZEOF (.vector_62) <= (_vector_spacing << 0x3))), function at exception vector 62 too large)

.vector_63      0x9d0003f8        0x8
 *(.vector_63)
 .vector_63     0x9d0003f8        0x8 d:/program files/microchip/xc32/v2.50/bin/bin/../../lib/gcc/pic32mx/4.8.3/../../../../pic32mx/lib/micromips\libpic32.a(vector63.o)
                0x9d0003f9                __vector_dispatch_63
                0x00000001                ASSERT (((_vector_spacing == 0x0) || (SIZEOF (.vector_63) <= (_vector_spacing << 0x3))), function at exception vector 63 too large)

.vector_64      0x9d000400        0x8
 *(.vector_64)
 .vector_64     0x9d000400        0x8 d:/program files/microchip/xc32/v2.50/bin/bin/../../lib/gcc/pic32mx/4.8.3/../../../../pic32mx/lib/micromips\libpic32.a(vector64.o)
                0x9d000401                __vector_dispatch_64
                0x00000001                ASSERT (((_vector_spacing == 0x0) || (SIZEOF (.vector_64) <= (_vector_spacing << 0x3))), function at exception vector 64 too large)

.vector_65      0x9d000408        0x8
 *(.vector_65)
 .vector_65     0x9d000408        0x8 d:/program files/microchip/xc32/v2.50/bin/bin/../../lib/gcc/pic32mx/4.8.3/../../../../pic32mx/lib/micromips\libpic32.a(vector65.o)
                0x9d000409                __vector_dispatch_65
                0x00000001                ASSERT (((_vector_spacing == 0x0) || (SIZEOF (.vector_65) <= (_vector_spacing << 0x3))), function at exception vector 65 too large)

.vector_66      0x9d000410        0x8
 *(.vector_66)
 .vector_66     0x9d000410        0x8 d:/program files/microchip/xc32/v2.50/bin/bin/../../lib/gcc/pic32mx/4.8.3/../../../../pic32mx/lib/micromips\libpic32.a(vector66.o)
                0x9d000411                __vector_dispatch_66
                0x00000001                ASSERT (((_vector_spacing == 0x0) || (SIZEOF (.vector_66) <= (_vector_spacing << 0x3))), function at exception vector 66 too large)

.vector_67      0x9d000418        0x8
 *(.vector_67)
 .vector_67     0x9d000418        0x8 d:/program files/microchip/xc32/v2.50/bin/bin/../../lib/gcc/pic32mx/4.8.3/../../../../pic32mx/lib/micromips\libpic32.a(vector67.o)
                0x9d000419                __vector_dispatch_67
                0x00000001                ASSERT (((_vector_spacing == 0x0) || (SIZEOF (.vector_67) <= (_vector_spacing << 0x3))), function at exception vector 67 too large)

.vector_68      0x9d000420        0x8
 *(.vector_68)
 .vector_68     0x9d000420        0x8 d:/program files/microchip/xc32/v2.50/bin/bin/../../lib/gcc/pic32mx/4.8.3/../../../../pic32mx/lib/micromips\libpic32.a(vector68.o)
                0x9d000421                __vector_dispatch_68
                0x00000001                ASSERT (((_vector_spacing == 0x0) || (SIZEOF (.vector_68) <= (_vector_spacing << 0x3))), function at exception vector 68 too large)

.vector_69      0x9d000428        0x8
 *(.vector_69)
 .vector_69     0x9d000428        0x8 d:/program files/microchip/xc32/v2.50/bin/bin/../../lib/gcc/pic32mx/4.8.3/../../../../pic32mx/lib/micromips\libpic32.a(vector69.o)
                0x9d000429                __vector_dispatch_69
                0x00000001                ASSERT (((_vector_spacing == 0x0) || (SIZEOF (.vector_69) <= (_vector_spacing << 0x3))), function at exception vector 69 too large)

.vector_70      0x9d000430        0x8
 *(.vector_70)
 .vector_70     0x9d000430        0x8 d:/program files/microchip/xc32/v2.50/bin/bin/../../lib/gcc/pic32mx/4.8.3/../../../../pic32mx/lib/micromips\libpic32.a(vector70.o)
                0x9d000431                __vector_dispatch_70
                0x00000001                ASSERT (((_vector_spacing == 0x0) || (SIZEOF (.vector_70) <= (_vector_spacing << 0x3))), function at exception vector 70 too large)

.vector_71      0x9d000438        0x8
 *(.vector_71)
 .vector_71     0x9d000438        0x8 d:/program files/microchip/xc32/v2.50/bin/bin/../../lib/gcc/pic32mx/4.8.3/../../../../pic32mx/lib/micromips\libpic32.a(vector71.o)
                0x9d000439                __vector_dispatch_71
                0x00000001                ASSERT (((_vector_spacing == 0x0) || (SIZEOF (.vector_71) <= (_vector_spacing << 0x3))), function at exception vector 71 too large)

.vector_72      0x9d000440        0x8
 *(.vector_72)
 .vector_72     0x9d000440        0x8 d:/program files/microchip/xc32/v2.50/bin/bin/../../lib/gcc/pic32mx/4.8.3/../../../../pic32mx/lib/micromips\libpic32.a(vector72.o)
                0x9d000441                __vector_dispatch_72
                0x00000001                ASSERT (((_vector_spacing == 0x0) || (SIZEOF (.vector_72) <= (_vector_spacing << 0x3))), function at exception vector 72 too large)

.vector_73      0x9d000448        0x8
 *(.vector_73)
 .vector_73     0x9d000448        0x8 d:/program files/microchip/xc32/v2.50/bin/bin/../../lib/gcc/pic32mx/4.8.3/../../../../pic32mx/lib/micromips\libpic32.a(vector73.o)
                0x9d000449                __vector_dispatch_73
                0x00000001                ASSERT (((_vector_spacing == 0x0) || (SIZEOF (.vector_73) <= (_vector_spacing << 0x3))), function at exception vector 73 too large)

.vector_74      0x9d000450        0x8
 *(.vector_74)
 .vector_74     0x9d000450        0x8 d:/program files/microchip/xc32/v2.50/bin/bin/../../lib/gcc/pic32mx/4.8.3/../../../../pic32mx/lib/micromips\libpic32.a(vector74.o)
                0x9d000451                __vector_dispatch_74
                0x00000001                ASSERT (((_vector_spacing == 0x0) || (SIZEOF (.vector_74) <= (_vector_spacing << 0x3))), function at exception vector 74 too large)

.vector_75      0x9d000458        0x8
 *(.vector_75)
 .vector_75     0x9d000458        0x8 d:/program files/microchip/xc32/v2.50/bin/bin/../../lib/gcc/pic32mx/4.8.3/../../../../pic32mx/lib/micromips\libpic32.a(vector75.o)
                0x9d000459                __vector_dispatch_75
                0x00000001                ASSERT (((_vector_spacing == 0x0) || (SIZEOF (.vector_75) <= (_vector_spacing << 0x3))), function at exception vector 75 too large)

.vector_76      0x9d000460        0x8
 *(.vector_76)
 .vector_76     0x9d000460        0x8 d:/program files/microchip/xc32/v2.50/bin/bin/../../lib/gcc/pic32mx/4.8.3/../../../../pic32mx/lib/micromips\libpic32.a(vector76.o)
                0x9d000461                __vector_dispatch_76
                0x00000001                ASSERT (((_vector_spacing == 0x0) || (SIZEOF (.vector_76) <= (_vector_spacing << 0x3))), function at exception vector 76 too large)

.vector_77      0x9d000468        0x8
 *(.vector_77)
 .vector_77     0x9d000468        0x8 d:/program files/microchip/xc32/v2.50/bin/bin/../../lib/gcc/pic32mx/4.8.3/../../../../pic32mx/lib/micromips\libpic32.a(vector77.o)
                0x9d000469                __vector_dispatch_77
                0x00000001                ASSERT (((_vector_spacing == 0x0) || (SIZEOF (.vector_77) <= (_vector_spacing << 0x3))), function at exception vector 77 too large)

.vector_78      0x9d000470        0x8
 *(.vector_78)
 .vector_78     0x9d000470        0x8 d:/program files/microchip/xc32/v2.50/bin/bin/../../lib/gcc/pic32mx/4.8.3/../../../../pic32mx/lib/micromips\libpic32.a(vector78.o)
                0x9d000471                __vector_dispatch_78
                0x00000001                ASSERT (((_vector_spacing == 0x0) || (SIZEOF (.vector_78) <= (_vector_spacing << 0x3))), function at exception vector 78 too large)

.vector_79      0x9d000478        0x8
 *(.vector_79)
 .vector_79     0x9d000478        0x8 d:/program files/microchip/xc32/v2.50/bin/bin/../../lib/gcc/pic32mx/4.8.3/../../../../pic32mx/lib/micromips\libpic32.a(vector79.o)
                0x9d000479                __vector_dispatch_79
                0x00000001                ASSERT (((_vector_spacing == 0x0) || (SIZEOF (.vector_79) <= (_vector_spacing << 0x3))), function at exception vector 79 too large)

.vector_80      0x9d000480        0x8
 *(.vector_80)
 .vector_80     0x9d000480        0x8 d:/program files/microchip/xc32/v2.50/bin/bin/../../lib/gcc/pic32mx/4.8.3/../../../../pic32mx/lib/micromips\libpic32.a(vector80.o)
                0x9d000481                __vector_dispatch_80
                0x00000001                ASSERT (((_vector_spacing == 0x0) || (SIZEOF (.vector_80) <= (_vector_spacing << 0x3))), function at exception vector 80 too large)

.vector_81      0x9d000488        0x8
 *(.vector_81)
 .vector_81     0x9d000488        0x8 d:/program files/microchip/xc32/v2.50/bin/bin/../../lib/gcc/pic32mx/4.8.3/../../../../pic32mx/lib/micromips\libpic32.a(vector81.o)
                0x9d000489                __vector_dispatch_81
                0x00000001                ASSERT (((_vector_spacing == 0x0) || (SIZEOF (.vector_81) <= (_vector_spacing << 0x3))), function at exception vector 81 too large)

.vector_82      0x9d000490        0x8
 *(.vector_82)
 .vector_82     0x9d000490        0x8 d:/program files/microchip/xc32/v2.50/bin/bin/../../lib/gcc/pic32mx/4.8.3/../../../../pic32mx/lib/micromips\libpic32.a(vector82.o)
                0x9d000491                __vector_dispatch_82
                0x00000001                ASSERT (((_vector_spacing == 0x0) || (SIZEOF (.vector_82) <= (_vector_spacing << 0x3))), function at exception vector 82 too large)

.vector_83      0x9d000498        0x8
 *(.vector_83)
 .vector_83     0x9d000498        0x8 d:/program files/microchip/xc32/v2.50/bin/bin/../../lib/gcc/pic32mx/4.8.3/../../../../pic32mx/lib/micromips\libpic32.a(vector83.o)
                0x9d000499                __vector_dispatch_83
                0x00000001                ASSERT (((_vector_spacing == 0x0) || (SIZEOF (.vector_83) <= (_vector_spacing << 0x3))), function at exception vector 83 too large)

.vector_84      0x9d0004a0        0x8
 *(.vector_84)
 .vector_84     0x9d0004a0        0x8 d:/program files/microchip/xc32/v2.50/bin/bin/../../lib/gcc/pic32mx/4.8.3/../../../../pic32mx/lib/micromips\libpic32.a(vector84.o)
                0x9d0004a1                __vector_dispatch_84
                0x00000001                ASSERT (((_vector_spacing == 0x0) || (SIZEOF (.vector_84) <= (_vector_spacing << 0x3))), function at exception vector 84 too large)

.vector_85      0x9d0004a8        0x8
 *(.vector_85)
 .vector_85     0x9d0004a8        0x8 d:/program files/microchip/xc32/v2.50/bin/bin/../../lib/gcc/pic32mx/4.8.3/../../../../pic32mx/lib/micromips\libpic32.a(vector85.o)
                0x9d0004a9                __vector_dispatch_85
                0x00000001                ASSERT (((_vector_spacing == 0x0) || (SIZEOF (.vector_85) <= (_vector_spacing << 0x3))), function at exception vector 85 too large)

.vector_86      0x9d0004b0        0x8
 *(.vector_86)
 .vector_86     0x9d0004b0        0x8 d:/program files/microchip/xc32/v2.50/bin/bin/../../lib/gcc/pic32mx/4.8.3/../../../../pic32mx/lib/micromips\libpic32.a(vector86.o)
                0x9d0004b1                __vector_dispatch_86
                0x00000001                ASSERT (((_vector_spacing == 0x0) || (SIZEOF (.vector_86) <= (_vector_spacing << 0x3))), function at exception vector 86 too large)

.vector_87      0x9d0004b8        0x8
 *(.vector_87)
 .vector_87     0x9d0004b8        0x8 d:/program files/microchip/xc32/v2.50/bin/bin/../../lib/gcc/pic32mx/4.8.3/../../../../pic32mx/lib/micromips\libpic32.a(vector87.o)
                0x9d0004b9                __vector_dispatch_87
                0x00000001                ASSERT (((_vector_spacing == 0x0) || (SIZEOF (.vector_87) <= (_vector_spacing << 0x3))), function at exception vector 87 too large)

.vector_88      0x9d0004c0        0x8
 *(.vector_88)
 .vector_88     0x9d0004c0        0x8 d:/program files/microchip/xc32/v2.50/bin/bin/../../lib/gcc/pic32mx/4.8.3/../../../../pic32mx/lib/micromips\libpic32.a(vector88.o)
                0x9d0004c1                __vector_dispatch_88
                0x00000001                ASSERT (((_vector_spacing == 0x0) || (SIZEOF (.vector_88) <= (_vector_spacing << 0x3))), function at exception vector 88 too large)

.vector_89      0x9d0004c8        0x8
 *(.vector_89)
 .vector_89     0x9d0004c8        0x8 d:/program files/microchip/xc32/v2.50/bin/bin/../../lib/gcc/pic32mx/4.8.3/../../../../pic32mx/lib/micromips\libpic32.a(vector89.o)
                0x9d0004c9                __vector_dispatch_89
                0x00000001                ASSERT (((_vector_spacing == 0x0) || (SIZEOF (.vector_89) <= (_vector_spacing << 0x3))), function at exception vector 89 too large)

.vector_90      0x9d0004d0        0x8
 *(.vector_90)
 .vector_90     0x9d0004d0        0x8 d:/program files/microchip/xc32/v2.50/bin/bin/../../lib/gcc/pic32mx/4.8.3/../../../../pic32mx/lib/micromips\libpic32.a(vector90.o)
                0x9d0004d1                __vector_dispatch_90
                0x00000001                ASSERT (((_vector_spacing == 0x0) || (SIZEOF (.vector_90) <= (_vector_spacing << 0x3))), function at exception vector 90 too large)

.vector_91      0x9d0004d8        0x8
 *(.vector_91)
 .vector_91     0x9d0004d8        0x8 d:/program files/microchip/xc32/v2.50/bin/bin/../../lib/gcc/pic32mx/4.8.3/../../../../pic32mx/lib/micromips\libpic32.a(vector91.o)
                0x9d0004d9                __vector_dispatch_91
                0x00000001                ASSERT (((_vector_spacing == 0x0) || (SIZEOF (.vector_91) <= (_vector_spacing << 0x3))), function at exception vector 91 too large)

.vector_92      0x9d0004e0        0x8
 *(.vector_92)
 .vector_92     0x9d0004e0        0x8 d:/program files/microchip/xc32/v2.50/bin/bin/../../lib/gcc/pic32mx/4.8.3/../../../../pic32mx/lib/micromips\libpic32.a(vector92.o)
                0x9d0004e1                __vector_dispatch_92
                0x00000001                ASSERT (((_vector_spacing == 0x0) || (SIZEOF (.vector_92) <= (_vector_spacing << 0x3))), function at exception vector 92 too large)

.vector_93      0x9d0004e8        0x8
 *(.vector_93)
 .vector_93     0x9d0004e8        0x8 d:/program files/microchip/xc32/v2.50/bin/bin/../../lib/gcc/pic32mx/4.8.3/../../../../pic32mx/lib/micromips\libpic32.a(vector93.o)
                0x9d0004e9                __vector_dispatch_93
                0x00000001                ASSERT (((_vector_spacing == 0x0) || (SIZEOF (.vector_93) <= (_vector_spacing << 0x3))), function at exception vector 93 too large)

.vector_94      0x9d0004f0        0x8
 *(.vector_94)
 .vector_94     0x9d0004f0        0x8 d:/program files/microchip/xc32/v2.50/bin/bin/../../lib/gcc/pic32mx/4.8.3/../../../../pic32mx/lib/micromips\libpic32.a(vector94.o)
                0x9d0004f1                __vector_dispatch_94
                0x00000001                ASSERT (((_vector_spacing == 0x0) || (SIZEOF (.vector_94) <= (_vector_spacing << 0x3))), function at exception vector 94 too large)

.vector_95      0x9d0004f8        0x8
 *(.vector_95)
 .vector_95     0x9d0004f8        0x8 d:/program files/microchip/xc32/v2.50/bin/bin/../../lib/gcc/pic32mx/4.8.3/../../../../pic32mx/lib/micromips\libpic32.a(vector95.o)
                0x9d0004f9                __vector_dispatch_95
                0x00000001                ASSERT (((_vector_spacing == 0x0) || (SIZEOF (.vector_95) <= (_vector_spacing << 0x3))), function at exception vector 95 too large)

.vector_96      0x9d000500        0x8
 *(.vector_96)
 .vector_96     0x9d000500        0x8 d:/program files/microchip/xc32/v2.50/bin/bin/../../lib/gcc/pic32mx/4.8.3/../../../../pic32mx/lib/micromips\libpic32.a(vector96.o)
                0x9d000501                __vector_dispatch_96
                0x00000001                ASSERT (((_vector_spacing == 0x0) || (SIZEOF (.vector_96) <= (_vector_spacing << 0x3))), function at exception vector 96 too large)

.vector_97      0x9d000508        0x8
 *(.vector_97)
 .vector_97     0x9d000508        0x8 d:/program files/microchip/xc32/v2.50/bin/bin/../../lib/gcc/pic32mx/4.8.3/../../../../pic32mx/lib/micromips\libpic32.a(vector97.o)
                0x9d000509                __vector_dispatch_97
                0x00000001                ASSERT (((_vector_spacing == 0x0) || (SIZEOF (.vector_97) <= (_vector_spacing << 0x3))), function at exception vector 97 too large)

.vector_98      0x9d000510        0x8
 *(.vector_98)
 .vector_98     0x9d000510        0x8 d:/program files/microchip/xc32/v2.50/bin/bin/../../lib/gcc/pic32mx/4.8.3/../../../../pic32mx/lib/micromips\libpic32.a(vector98.o)
                0x9d000511                __vector_dispatch_98
                0x00000001                ASSERT (((_vector_spacing == 0x0) || (SIZEOF (.vector_98) <= (_vector_spacing << 0x3))), function at exception vector 98 too large)

.vector_99      0x9d000518        0x8
 *(.vector_99)
 .vector_99     0x9d000518        0x8 d:/program files/microchip/xc32/v2.50/bin/bin/../../lib/gcc/pic32mx/4.8.3/../../../../pic32mx/lib/micromips\libpic32.a(vector99.o)
                0x9d000519                __vector_dispatch_99
                0x00000001                ASSERT (((_vector_spacing == 0x0) || (SIZEOF (.vector_99) <= (_vector_spacing << 0x3))), function at exception vector 99 too large)

.vector_100     0x9d000520        0x8
 *(.vector_100)
 .vector_100    0x9d000520        0x8 d:/program files/microchip/xc32/v2.50/bin/bin/../../lib/gcc/pic32mx/4.8.3/../../../../pic32mx/lib/micromips\libpic32.a(vector100.o)
                0x9d000521                __vector_dispatch_100
                0x00000001                ASSERT (((_vector_spacing == 0x0) || (SIZEOF (.vector_100) <= (_vector_spacing << 0x3))), function at exception vector 100 too large)

.vector_101     0x9d000528        0x8
 *(.vector_101)
 .vector_101    0x9d000528        0x8 d:/program files/microchip/xc32/v2.50/bin/bin/../../lib/gcc/pic32mx/4.8.3/../../../../pic32mx/lib/micromips\libpic32.a(vector101.o)
                0x9d000529                __vector_dispatch_101
                0x00000001                ASSERT (((_vector_spacing == 0x0) || (SIZEOF (.vector_101) <= (_vector_spacing << 0x3))), function at exception vector 101 too large)

.startup
 *(.startup)

.text           0x9d000530     0x8180
 *(.stub .gnu.linkonce.t.*)
 .gnu.linkonce.t._ZNSt9exceptionC2Ev
                0x9d000530       0x20 build/default/production/main.o
                0x9d000531                std::exception::exception()
 .gnu.linkonce.t._ZNSt9bad_allocC1EPKc
                0x9d000550       0x34 build/default/production/main.o
                0x9d000551                std::bad_alloc::bad_alloc(char const*)
 .gnu.linkonce.t._ZNKSt9bad_alloc4whatEv
                0x9d000584       0x1c build/default/production/main.o
                0x9d000585                std::bad_alloc::what() const
 .gnu.linkonce.t._ZNSt9bad_allocD1Ev
                0x9d0005a0       0x40 build/default/production/main.o
                0x9d0005a1                std::bad_alloc::~bad_alloc()
 .gnu.linkonce.t._ZNSt9bad_allocD0Ev
                0x9d0005e0       0x2c build/default/production/main.o
                0x9d0005e1                std::bad_alloc::~bad_alloc()
 .gnu.linkonce.t._ZNSt11char_traitsIcE6lengthEPKc
                0x9d00060c       0x20 build/default/production/main.o
                0x9d00060d                std::char_traits<char>::length(char const*)
 .gnu.linkonce.t._ZNSt11char_traitsIcE4copyEPcPKcm
                0x9d00062c       0x30 build/default/production/main.o
                0x9d00062d                std::char_traits<char>::copy(char*, char const*, unsigned long)
 .gnu.linkonce.t._ZNSt11char_traitsIcE4moveEPcPKcm
                0x9d00065c       0x30 build/default/production/main.o
                0x9d00065d                std::char_traits<char>::move(char*, char const*, unsigned long)
 .gnu.linkonce.t._ZNSt11char_traitsIcE6assignERcRKc
                0x9d00068c       0x24 build/default/production/main.o
                0x9d00068d                std::char_traits<char>::assign(char&, char const&)
 .gnu.linkonce.t._ZNSt11char_traitsIcE11to_int_typeERKc
                0x9d0006b0       0x1c build/default/production/main.o
                0x9d0006b1                std::char_traits<char>::to_int_type(char const&)
 .gnu.linkonce.t._ZNSt11char_traitsIcE11eq_int_typeERKiS2_
                0x9d0006cc       0x2c build/default/production/main.o
                0x9d0006cd                std::char_traits<char>::eq_int_type(int const&, int const&)
 .gnu.linkonce.t._ZNSt11char_traitsIcE3eofEv
                0x9d0006f8       0x10 build/default/production/main.o
                0x9d0006f9                std::char_traits<char>::eof()
 .gnu.linkonce.t._ZNSt13runtime_errorC2EPKc
                0x9d000708       0xc4 build/default/production/main.o
                0x9d000709                std::runtime_error::runtime_error(char const*)
 .gnu.linkonce.t._ZNSt13runtime_errorD2Ev
                0x9d0007cc       0x50 build/default/production/main.o
                0x9d0007cd                std::runtime_error::~runtime_error()
 .gnu.linkonce.t._ZNSt13runtime_errorD1Ev
                0x9d00081c       0x50 build/default/production/main.o
                0x9d00081d                std::runtime_error::~runtime_error()
 .gnu.linkonce.t._ZNSt13runtime_errorD0Ev
                0x9d00086c       0x2c build/default/production/main.o
                0x9d00086d                std::runtime_error::~runtime_error()
 .gnu.linkonce.t._ZNKSt13runtime_error4whatEv
                0x9d000898       0xb0 build/default/production/main.o
                0x9d000899                std::runtime_error::what() const
 .gnu.linkonce.t._ZNSt14error_categoryD1Ev
                0x9d000948       0x34 build/default/production/main.o
                0x9d000949                std::error_category::~error_category()
 .gnu.linkonce.t._ZNSt14error_categoryD0Ev
                0x9d00097c       0x2c build/default/production/main.o
                0x9d00097d                std::error_category::~error_category()
 .gnu.linkonce.t._ZNKSt14error_categoryeqERKS_
                0x9d0009a8       0x28 build/default/production/main.o
                0x9d0009a9                std::error_category::operator==(std::error_category const&) const
 .gnu.linkonce.t._ZNSt10error_codeC1EiRKSt14error_category
                0x9d0009d0       0x30 build/default/production/main.o
                0x9d0009d1                std::error_code::error_code(int, std::error_category const&)
 .gnu.linkonce.t._ZNKSt10error_code5valueEv
                0x9d000a00       0x18 build/default/production/main.o
                0x9d000a01                std::error_code::value() const
 .gnu.linkonce.t._ZNKSt10error_code8categoryEv
                0x9d000a18       0x18 build/default/production/main.o
                0x9d000a19                std::error_code::category() const
 .gnu.linkonce.t._ZNSt15error_conditionC1EiRKSt14error_category
                0x9d000a30       0x30 build/default/production/main.o
                0x9d000a31                std::error_condition::error_condition(int, std::error_category const&)
 .gnu.linkonce.t._ZNKSt15error_condition5valueEv
                0x9d000a60       0x18 build/default/production/main.o
                0x9d000a61                std::error_condition::value() const
 .gnu.linkonce.t._ZNKSt15error_condition8categoryEv
                0x9d000a78       0x18 build/default/production/main.o
                0x9d000a79                std::error_condition::category() const
 .gnu.linkonce.t._ZNKSt15error_conditioneqERKS_
                0x9d000a90       0x68 build/default/production/main.o
                0x9d000a91                std::error_condition::operator==(std::error_condition const&) const
 .gnu.linkonce.t._ZNKSt14error_category23default_error_conditionEi
                0x9d000af8       0x34 build/default/production/main.o
                0x9d000af9                std::error_category::default_error_condition(int) const
 .gnu.linkonce.t._ZNKSt14error_category10equivalentEiRKSt15error_condition
                0x9d000b2c       0x4c build/default/production/main.o
                0x9d000b2d                std::error_category::equivalent(int, std::error_condition const&) const
 .gnu.linkonce.t._ZNKSt14error_category10equivalentERKSt10error_codei
                0x9d000b78       0x58 build/default/production/main.o
                0x9d000b79                std::error_category::equivalent(std::error_code const&, int) const
 .gnu.linkonce.t._ZSt15make_error_codeNSt7io_errc7io_errcE
                0x9d000bd0       0x3c build/default/production/main.o
                0x9d000bd1                std::make_error_code(std::io_errc::io_errc)
 .gnu.linkonce.t._ZNSt12system_errorC2ESt10error_codePKc
                0x9d000c0c       0x5c build/default/production/main.o
                0x9d000c0d                std::system_error::system_error(std::error_code, char const*)
 .gnu.linkonce.t._ZNSt12system_error8_MakestrEv
                0x9d000c68       0x14 build/default/production/main.o
                0x9d000c69                std::system_error::_Makestr()
 .gnu.linkonce.t._ZNSt12system_errorD2Ev
                0x9d000c7c       0x40 build/default/production/main.o
                0x9d000c7d                std::system_error::~system_error()
 .gnu.linkonce.t._ZNSt12system_errorD1Ev
                0x9d000cbc       0x40 build/default/production/main.o
                0x9d000cbd                std::system_error::~system_error()
 .gnu.linkonce.t._ZNSt12system_errorD0Ev
                0x9d000cfc       0x2c build/default/production/main.o
                0x9d000cfd                std::system_error::~system_error()
 .gnu.linkonce.t._ZNSt8ios_base7failureC1EPKcRKSt10error_code
                0x9d000d28       0x44 build/default/production/main.o
                0x9d000d29                std::ios_base::failure::failure(char const*, std::error_code const&)
 .gnu.linkonce.t._ZNSt8ios_base5clearENSt5_IosbIiE8_IostateEb
                0x9d000d6c      0x258 build/default/production/main.o
                0x9d000d6d                std::ios_base::clear(std::_Iosb<int>::_Iostate, bool)
 .gnu.linkonce.t._ZNKSt8ios_base7rdstateEv
                0x9d000fc4       0x18 build/default/production/main.o
                0x9d000fc5                std::ios_base::rdstate() const
 .gnu.linkonce.t._ZNKSt8ios_base4goodEv
                0x9d000fdc       0x28 build/default/production/main.o
                0x9d000fdd                std::ios_base::good() const
 .gnu.linkonce.t._ZNKSt8ios_base4failEv
                0x9d001004       0x2c build/default/production/main.o
                0x9d001005                std::ios_base::fail() const
 .gnu.linkonce.t._ZNKSt8ios_base5flagsEv
                0x9d001030       0x18 build/default/production/main.o
                0x9d001031                std::ios_base::flags() const
 .gnu.linkonce.t._ZNKSt8ios_base5widthEv
                0x9d001048       0x18 build/default/production/main.o
                0x9d001049                std::ios_base::width() const
 .gnu.linkonce.t._ZNSt8ios_base5widthEi
                0x9d001060       0x30 build/default/production/main.o
                0x9d001061                std::ios_base::width(int)
 .gnu.linkonce.t._ZStanNSt5_IosbIiE9_FmtflagsES1_
                0x9d001090       0x20 build/default/production/main.o
                0x9d001091                std::operator&(std::_Iosb<int>::_Fmtflags, std::_Iosb<int>::_Fmtflags)
 .gnu.linkonce.t._ZStoRRNSt5_IosbIiE8_IostateES1_
                0x9d0010b0       0x30 build/default/production/main.o
                0x9d0010b1                std::operator|=(std::_Iosb<int>::_Iostate&, std::_Iosb<int>::_Iostate)
 .gnu.linkonce.t._ZNSsD1Ev
                0x9d0010e0       0x64 build/default/production/main.o
                0x9d0010e1                std::basic_string<char, std::char_traits<char>, std::allocator<char> >::~basic_string()
 .gnu.linkonce.t._ZNSsC1EPKc
                0x9d001144       0xd8 build/default/production/main.o
                0x9d001145                std::basic_string<char, std::char_traits<char>, std::allocator<char> >::basic_string(char const*)
 .gnu.linkonce.t._ZNKSs5c_strEv
                0x9d00121c       0x20 build/default/production/main.o
                0x9d00121d                std::string::c_str() const
 .gnu.linkonce.t._ZStlsISt11char_traitsIcEERSt13basic_ostreamIcT_ES5_PKc
                0x9d00123c      0x3f8 build/default/production/main.o
                0x9d00123d                std::basic_ostream<char, std::char_traits<char> >& std::operator<< <std::char_traits<char> >(std::basic_ostream<char, std::char_traits<char> >&, char const*)
 .gnu.linkonce.t._ZNSt15_Allocator_baseIcEC2Ev
                0x9d001634       0x14 build/default/production/main.o
                0x9d001635                std::_Allocator_base<char>::_Allocator_base()
 .gnu.linkonce.t._ZNSaIcEC1ERKS_
                0x9d001648       0x24 build/default/production/main.o
                0x9d001649                std::allocator<char>::allocator(std::allocator<char> const&)
 .gnu.linkonce.t._ZNSt16_Container_base0C2Ev
                0x9d00166c       0x14 build/default/production/main.o
                0x9d00166d                std::_Container_base0::_Container_base0()
 .gnu.linkonce.t._ZNSt11_String_valIcSaIcEEC2ES0_
                0x9d001680       0x38 build/default/production/main.o
                0x9d001681                std::_String_val<char, std::allocator<char> >::_String_val(std::allocator<char>)
 .gnu.linkonce.t._ZNSt11_String_valIcSaIcEED2Ev
                0x9d0016b8       0x14 build/default/production/main.o
                0x9d0016b9                std::_String_val<char, std::allocator<char> >::~_String_val()
 .gnu.linkonce.t._ZNSs5_TidyEbm
                0x9d0016cc       0x94 build/default/production/main.o
                0x9d0016cd                std::string::_Tidy(bool, unsigned long)
 .gnu.linkonce.t._ZNSs6assignERKSsmm
                0x9d001760      0x104 build/default/production/main.o
                0x9d001761                std::string::assign(std::string const&, unsigned long, unsigned long)
 .gnu.linkonce.t._ZNSaIcEC1Ev
                0x9d001864       0x20 build/default/production/main.o
                0x9d001865                std::allocator<char>::allocator()
 .gnu.linkonce.t._ZNSs6assignEPKc
                0x9d001884       0x34 build/default/production/main.o
                0x9d001885                std::string::assign(char const*)
 .gnu.linkonce.t._ZNKSs6_MyptrEv
                0x9d0018b8       0x30 build/default/production/main.o
                0x9d0018b9                std::string::_Myptr() const
 .gnu.linkonce.t._ZNKSs4sizeEv
                0x9d0018e8       0x18 build/default/production/main.o
                0x9d0018e9                std::string::size() const
 .gnu.linkonce.t._ZNSo6sentryC1ERSo
                0x9d001900      0x138 build/default/production/main.o
                0x9d001901                std::ostream::sentry::sentry(std::ostream&)
 .gnu.linkonce.t._ZNSo6sentryD1Ev
                0x9d001a38       0x74 build/default/production/main.o
                0x9d001a39                std::ostream::sentry::~sentry()
 .gnu.linkonce.t._ZNKSo6sentrycvbEv
                0x9d001aac       0x24 build/default/production/main.o
                0x9d001aad                std::ostream::sentry::operator bool() const
 .gnu.linkonce.t._ZNKSt9basic_iosIcSt11char_traitsIcEE5rdbufEv
                0x9d001ad0       0x18 build/default/production/main.o
                0x9d001ad1                std::basic_ios<char, std::char_traits<char> >::rdbuf() const
 .gnu.linkonce.t._ZNKSt9basic_iosIcSt11char_traitsIcEE4fillEv
                0x9d001ae8       0x1c build/default/production/main.o
                0x9d001ae9                std::basic_ios<char, std::char_traits<char> >::fill() const
 .gnu.linkonce.t._ZNSt15basic_streambufIcSt11char_traitsIcEE5sputcEc
                0x9d001b04       0x6c build/default/production/main.o
                0x9d001b05                std::basic_streambuf<char, std::char_traits<char> >::sputc(char)
 .gnu.linkonce.t._ZNSt15basic_streambufIcSt11char_traitsIcEE5sputnEPKci
                0x9d001b70       0x3c build/default/production/main.o
                0x9d001b71                std::basic_streambuf<char, std::char_traits<char> >::sputn(char const*, int)
 .gnu.linkonce.t._ZNSt9basic_iosIcSt11char_traitsIcEE8setstateENSt5_IosbIiE8_IostateEb
                0x9d001bac       0x50 build/default/production/main.o
                0x9d001bad                std::basic_ios<char, std::char_traits<char> >::setstate(std::_Iosb<int>::_Iostate, bool)
 .gnu.linkonce.t._ZNSaIcE10deallocateEPcm
                0x9d001bfc       0x28 build/default/production/main.o
                0x9d001bfd                std::allocator<char>::deallocate(char*, unsigned long)
 .gnu.linkonce.t._ZNSs4_EosEm
                0x9d001c24       0x4c build/default/production/main.o
                0x9d001c25                std::string::_Eos(unsigned long)
 .gnu.linkonce.t._ZNKSs5_XranEv
                0x9d001c70       0x1c build/default/production/main.o
                0x9d001c71                std::string::_Xran() const
 .gnu.linkonce.t._ZNSs5eraseEmm
                0x9d001c8c       0xd8 build/default/production/main.o
                0x9d001c8d                std::string::erase(unsigned long, unsigned long)
 .gnu.linkonce.t._ZNSs5_GrowEmb
                0x9d001d64       0xd4 build/default/production/main.o
                0x9d001d65                std::string::_Grow(unsigned long, bool)
 .gnu.linkonce.t._ZNSs6_MyptrEv
                0x9d001e38       0x30 build/default/production/main.o
                0x9d001e39                std::string::_Myptr()
 .gnu.linkonce.t._ZNSs6assignEPKcm
                0x9d001e68       0x9c build/default/production/main.o
                0x9d001e69                std::string::assign(char const*, unsigned long)
 .gnu.linkonce.t._ZNSo12_Sentry_baseC2ERSo
                0x9d001f04       0x78 build/default/production/main.o
                0x9d001f05                std::ostream::_Sentry_base::_Sentry_base(std::ostream&)
 .gnu.linkonce.t._ZNSo12_Sentry_baseD2Ev
                0x9d001f7c       0x9c build/default/production/main.o
                0x9d001f7d                std::ostream::_Sentry_base::~_Sentry_base()
 .gnu.linkonce.t._ZNKSt9basic_iosIcSt11char_traitsIcEE3tieEv
                0x9d002018       0x18 build/default/production/main.o
                0x9d002019                std::basic_ios<char, std::char_traits<char> >::tie() const
 .gnu.linkonce.t._ZNSo5flushEv
                0x9d002030       0xac build/default/production/main.o
                0x9d002031                std::ostream::flush()
 .gnu.linkonce.t._ZNSo5_OsfxEv
                0x9d0020dc       0xc0 build/default/production/main.o
                0x9d0020dd                std::ostream::_Osfx()
 .gnu.linkonce.t._ZNKSt15basic_streambufIcSt11char_traitsIcEE8_PnavailEv
                0x9d00219c       0x38 build/default/production/main.o
                0x9d00219d                std::basic_streambuf<char, std::char_traits<char> >::_Pnavail() const
 .gnu.linkonce.t._ZNSt15basic_streambufIcSt11char_traitsIcEE6_PnincEv
                0x9d0021d4       0x20 build/default/production/main.o
                0x9d0021d5                std::basic_streambuf<char, std::char_traits<char> >::_Pninc()
 .gnu.linkonce.t._ZNSt9basic_iosIcSt11char_traitsIcEE5clearENSt5_IosbIiE8_IostateEb
                0x9d0021f4       0x4c build/default/production/main.o
                0x9d0021f5                std::basic_ios<char, std::char_traits<char> >::clear(std::_Iosb<int>::_Iostate, bool)
 .gnu.linkonce.t._ZNKSs8max_sizeEv
                0x9d002240       0x40 build/default/production/main.o
                0x9d002241                std::string::max_size() const
 .gnu.linkonce.t._ZNKSs5_XlenEv
                0x9d002280       0x1c build/default/production/main.o
                0x9d002281                std::string::_Xlen() const
 .gnu.linkonce.t._ZNSs5_CopyEmm
                0x9d00229c      0x248 build/default/production/main.o
                0x9d00229d                std::string::_Copy(unsigned long, unsigned long)
 .gnu.linkonce.t._ZNSs7_InsideEPKc
                0x9d0024e4       0x70 build/default/production/main.o
                0x9d0024e5                std::string::_Inside(char const*)
 .gnu.linkonce.t._ZNSt15basic_streambufIcSt11char_traitsIcEE7pubsyncEv
                0x9d002554       0x2c build/default/production/main.o
                0x9d002555                std::basic_streambuf<char, std::char_traits<char> >::pubsync()
 .gnu.linkonce.t._ZNKSaIcE8max_sizeEv
                0x9d002580       0x2c build/default/production/main.o
                0x9d002581                std::allocator<char>::max_size() const
 .gnu.linkonce.t._ZNSaIcE8allocateEm
                0x9d0025ac       0x28 build/default/production/main.o
                0x9d0025ad                std::allocator<char>::allocate(unsigned long)
 .gnu.linkonce.t._ZSt9_AllocateIcEPT_mS1_
                0x9d0025d4       0x80 build/default/production/main.o
                0x9d0025d5                char* std::_Allocate<char>(unsigned long, char*)
 .gnu.linkonce.t._ZNSt8ios_base7failureD1Ev
                0x9d002654       0x40 build/default/production/main.o
                0x9d002655                std::ios_base::failure::~failure()
 .gnu.linkonce.t._ZNSt8ios_base7failureD0Ev
                0x9d002694       0x2c build/default/production/main.o
                0x9d002695                std::ios_base::failure::~failure()
 .gnu.linkonce.t._ZNKSt8bad_cast4whatEv
                0x9d0026c0        0xc d:/program files/microchip/xc32/v2.50/bin/bin/../../lib/gcc/pic32mx/4.8.3/../../../../pic32mx/lib/micromips\libxcpp.a(iostream.o)
                0x9d0026c1                std::bad_cast::what() const
 .gnu.linkonce.t._ZNSt6locale5facetD1Ev
                0x9d0026cc        0xc d:/program files/microchip/xc32/v2.50/bin/bin/../../lib/gcc/pic32mx/4.8.3/../../../../pic32mx/lib/micromips\libxcpp.a(iostream.o)
                0x9d0026cd                std::locale::facet::~facet()
 .gnu.linkonce.t._ZNSt12codecvt_baseD1Ev
                0x9d0026d8        0xc d:/program files/microchip/xc32/v2.50/bin/bin/../../lib/gcc/pic32mx/4.8.3/../../../../pic32mx/lib/micromips\libxcpp.a(iostream.o)
                0x9d0026d9                std::codecvt_base::~codecvt_base()
 .gnu.linkonce.t._ZNKSt12codecvt_base16do_always_noconvEv
                0x9d0026e4        0x4 d:/program files/microchip/xc32/v2.50/bin/bin/../../lib/gcc/pic32mx/4.8.3/../../../../pic32mx/lib/micromips\libxcpp.a(iostream.o)
                0x9d0026e5                std::codecvt_base::do_always_noconv() const
 .gnu.linkonce.t._ZNKSt12codecvt_base13do_max_lengthEv
                0x9d0026e8        0x4 d:/program files/microchip/xc32/v2.50/bin/bin/../../lib/gcc/pic32mx/4.8.3/../../../../pic32mx/lib/micromips\libxcpp.a(iostream.o)
                0x9d0026e9                std::codecvt_base::do_max_length() const
 .gnu.linkonce.t._ZNKSt12codecvt_base11do_encodingEv
                0x9d0026ec        0x4 d:/program files/microchip/xc32/v2.50/bin/bin/../../lib/gcc/pic32mx/4.8.3/../../../../pic32mx/lib/micromips\libxcpp.a(iostream.o)
                0x9d0026ed                std::codecvt_base::do_encoding() const
 .gnu.linkonce.t._ZNSt10ctype_baseD1Ev
                0x9d0026f0        0xc d:/program files/microchip/xc32/v2.50/bin/bin/../../lib/gcc/pic32mx/4.8.3/../../../../pic32mx/lib/micromips\libxcpp.a(iostream.o)
                0x9d0026f1                std::ctype_base::~ctype_base()
 .gnu.linkonce.t._ZNKSt5ctypeIcE10do_tolowerEc
                0x9d0026fc       0x10 d:/program files/microchip/xc32/v2.50/bin/bin/../../lib/gcc/pic32mx/4.8.3/../../../../pic32mx/lib/micromips\libxcpp.a(iostream.o)
                0x9d0026fd                std::ctype<char>::do_tolower(char) const
 .gnu.linkonce.t._ZNKSt5ctypeIcE10do_tolowerEPcPKc
                0x9d00270c       0x1c d:/program files/microchip/xc32/v2.50/bin/bin/../../lib/gcc/pic32mx/4.8.3/../../../../pic32mx/lib/micromips\libxcpp.a(iostream.o)
                0x9d00270d                std::ctype<char>::do_tolower(char*, char const*) const
 .gnu.linkonce.t._ZNKSt5ctypeIcE10do_toupperEc
                0x9d002728       0x10 d:/program files/microchip/xc32/v2.50/bin/bin/../../lib/gcc/pic32mx/4.8.3/../../../../pic32mx/lib/micromips\libxcpp.a(iostream.o)
                0x9d002729                std::ctype<char>::do_toupper(char) const
 .gnu.linkonce.t._ZNKSt5ctypeIcE10do_toupperEPcPKc
                0x9d002738       0x1c d:/program files/microchip/xc32/v2.50/bin/bin/../../lib/gcc/pic32mx/4.8.3/../../../../pic32mx/lib/micromips\libxcpp.a(iostream.o)
                0x9d002739                std::ctype<char>::do_toupper(char*, char const*) const
 .gnu.linkonce.t._ZNKSt5ctypeIcE8do_widenEc
                0x9d002754        0x4 d:/program files/microchip/xc32/v2.50/bin/bin/../../lib/gcc/pic32mx/4.8.3/../../../../pic32mx/lib/micromips\libxcpp.a(iostream.o)
                0x9d002755                std::ctype<char>::do_widen(char) const
 .gnu.linkonce.t._ZNKSt5ctypeIcE9do_narrowEcc
                0x9d002758        0x4 d:/program files/microchip/xc32/v2.50/bin/bin/../../lib/gcc/pic32mx/4.8.3/../../../../pic32mx/lib/micromips\libxcpp.a(iostream.o)
                0x9d002759                std::ctype<char>::do_narrow(char, char) const
 .gnu.linkonce.t._ZNSt15basic_streambufIcSt11char_traitsIcEE4syncEv
                0x9d00275c        0x4 d:/program files/microchip/xc32/v2.50/bin/bin/../../lib/gcc/pic32mx/4.8.3/../../../../pic32mx/lib/micromips\libxcpp.a(iostream.o)
                0x9d00275d                std::basic_streambuf<char, std::char_traits<char> >::sync()
 .gnu.linkonce.t._ZNSt15basic_streambufIcSt11char_traitsIcEE5_LockEv
                0x9d002760        0x4 d:/program files/microchip/xc32/v2.50/bin/bin/../../lib/gcc/pic32mx/4.8.3/../../../../pic32mx/lib/micromips\libxcpp.a(iostream.o)
                0x9d002761                std::basic_streambuf<char, std::char_traits<char> >::_Lock()
 .gnu.linkonce.t._ZNSt15basic_streambufIcSt11char_traitsIcEE7_UnlockEv
                0x9d002764        0x4 d:/program files/microchip/xc32/v2.50/bin/bin/../../lib/gcc/pic32mx/4.8.3/../../../../pic32mx/lib/micromips\libxcpp.a(iostream.o)
                0x9d002765                std::basic_streambuf<char, std::char_traits<char> >::_Unlock()
 .gnu.linkonce.t._ZNSt15basic_streambufIcSt11char_traitsIcEE9showmanycEv
                0x9d002768        0x4 d:/program files/microchip/xc32/v2.50/bin/bin/../../lib/gcc/pic32mx/4.8.3/../../../../pic32mx/lib/micromips\libxcpp.a(iostream.o)
                0x9d002769                std::basic_streambuf<char, std::char_traits<char> >::showmanyc()
 .gnu.linkonce.t._ZNSt15basic_streambufIcSt11char_traitsIcEE8overflowEi
                0x9d00276c        0x4 d:/program files/microchip/xc32/v2.50/bin/bin/../../lib/gcc/pic32mx/4.8.3/../../../../pic32mx/lib/micromips\libxcpp.a(iostream.o)
                0x9d00276d                std::basic_streambuf<char, std::char_traits<char> >::overflow(int)
 .gnu.linkonce.t._ZNSt15basic_streambufIcSt11char_traitsIcEE9pbackfailEi
                0x9d002770        0x4 d:/program files/microchip/xc32/v2.50/bin/bin/../../lib/gcc/pic32mx/4.8.3/../../../../pic32mx/lib/micromips\libxcpp.a(iostream.o)
                0x9d002771                std::basic_streambuf<char, std::char_traits<char> >::pbackfail(int)
 .gnu.linkonce.t._ZNSt15basic_streambufIcSt11char_traitsIcEE9underflowEv
                0x9d002774        0x4 d:/program files/microchip/xc32/v2.50/bin/bin/../../lib/gcc/pic32mx/4.8.3/../../../../pic32mx/lib/micromips\libxcpp.a(iostream.o)
                0x9d002775                std::basic_streambuf<char, std::char_traits<char> >::underflow()
 .gnu.linkonce.t._ZNSt15basic_streambufIcSt11char_traitsIcEE5uflowEv
                0x9d002778       0x28 d:/program files/microchip/xc32/v2.50/bin/bin/../../lib/gcc/pic32mx/4.8.3/../../../../pic32mx/lib/micromips\libxcpp.a(iostream.o)
                0x9d002779                std::basic_streambuf<char, std::char_traits<char> >::uflow()
 .gnu.linkonce.t._ZNSt15basic_streambufIcSt11char_traitsIcEE7seekoffElNSt5_IosbIiE8_SeekdirENS4_9_OpenmodeE
                0x9d0027a0       0x30 d:/program files/microchip/xc32/v2.50/bin/bin/../../lib/gcc/pic32mx/4.8.3/../../../../pic32mx/lib/micromips\libxcpp.a(iostream.o)
                0x9d0027a1                std::basic_streambuf<char, std::char_traits<char> >::seekoff(long, std::_Iosb<int>::_Seekdir, std::_Iosb<int>::_Openmode)
 .gnu.linkonce.t._ZNSt15basic_streambufIcSt11char_traitsIcEE7seekposESt4fposI9_MbstatetENSt5_IosbIiE9_OpenmodeE
                0x9d0027d0       0x3c d:/program files/microchip/xc32/v2.50/bin/bin/../../lib/gcc/pic32mx/4.8.3/../../../../pic32mx/lib/micromips\libxcpp.a(iostream.o)
                0x9d0027d1                std::basic_streambuf<char, std::char_traits<char> >::seekpos(std::fpos<_Mbstatet>, std::_Iosb<int>::_Openmode)
 .gnu.linkonce.t._ZNSt15basic_streambufIcSt11char_traitsIcEE6setbufEPci
                0x9d00280c        0x4 d:/program files/microchip/xc32/v2.50/bin/bin/../../lib/gcc/pic32mx/4.8.3/../../../../pic32mx/lib/micromips\libxcpp.a(iostream.o)
                0x9d00280d                std::basic_streambuf<char, std::char_traits<char> >::setbuf(char*, int)
 .gnu.linkonce.t._ZNSt15basic_streambufIcSt11char_traitsIcEE5imbueERKSt6locale
                0x9d002810        0x4 d:/program files/microchip/xc32/v2.50/bin/bin/../../lib/gcc/pic32mx/4.8.3/../../../../pic32mx/lib/micromips\libxcpp.a(iostream.o)
                0x9d002811                std::basic_streambuf<char, std::char_traits<char> >::imbue(std::locale const&)
 .gnu.linkonce.t._ZNKSt7codecvtIcc9_MbstatetE6do_outERS0_PKcS4_RS4_PcS6_RS6_
                0x9d002814       0x10 d:/program files/microchip/xc32/v2.50/bin/bin/../../lib/gcc/pic32mx/4.8.3/../../../../pic32mx/lib/micromips\libxcpp.a(iostream.o)
                0x9d002815                std::codecvt<char, char, _Mbstatet>::do_out(_Mbstatet&, char const*, char const*, char const*&, char*, char*, char*&) const
 .gnu.linkonce.t._ZNKSt7codecvtIcc9_MbstatetE5do_inERS0_PKcS4_RS4_PcS6_RS6_
                0x9d002824       0x10 d:/program files/microchip/xc32/v2.50/bin/bin/../../lib/gcc/pic32mx/4.8.3/../../../../pic32mx/lib/micromips\libxcpp.a(iostream.o)
                0x9d002825                std::codecvt<char, char, _Mbstatet>::do_in(_Mbstatet&, char const*, char const*, char const*&, char*, char*, char*&) const
 .gnu.linkonce.t._ZNKSt7codecvtIcc9_MbstatetE10do_unshiftERS0_PcS3_RS3_
                0x9d002834        0x8 d:/program files/microchip/xc32/v2.50/bin/bin/../../lib/gcc/pic32mx/4.8.3/../../../../pic32mx/lib/micromips\libxcpp.a(iostream.o)
                0x9d002835                std::codecvt<char, char, _Mbstatet>::do_unshift(_Mbstatet&, char*, char*, char*&) const
 .gnu.linkonce.t._ZNSt7codecvtIcc9_MbstatetED1Ev
                0x9d00283c        0xc d:/program files/microchip/xc32/v2.50/bin/bin/../../lib/gcc/pic32mx/4.8.3/../../../../pic32mx/lib/micromips\libxcpp.a(iostream.o)
                0x9d00283d                std::codecvt<char, char, _Mbstatet>::~codecvt()
 .gnu.linkonce.t._ZNKSt7codecvtIcc9_MbstatetE9do_lengthERKS0_PKcS5_m
                0x9d002848       0x10 d:/program files/microchip/xc32/v2.50/bin/bin/../../lib/gcc/pic32mx/4.8.3/../../../../pic32mx/lib/micromips\libxcpp.a(iostream.o)
                0x9d002849                std::codecvt<char, char, _Mbstatet>::do_length(_Mbstatet const&, char const*, char const*, unsigned long) const
 .gnu.linkonce.t._ZNSt8bad_castD1Ev
                0x9d002858       0x1c d:/program files/microchip/xc32/v2.50/bin/bin/../../lib/gcc/pic32mx/4.8.3/../../../../pic32mx/lib/micromips\libxcpp.a(iostream.o)
                0x9d002859                std::bad_cast::~bad_cast()
 .gnu.linkonce.t._ZNSt6locale5facetD0Ev
                0x9d002874       0x1c d:/program files/microchip/xc32/v2.50/bin/bin/../../lib/gcc/pic32mx/4.8.3/../../../../pic32mx/lib/micromips\libxcpp.a(iostream.o)
                0x9d002875                std::locale::facet::~facet()
 .gnu.linkonce.t._ZNSt8bad_castD0Ev
                0x9d002890       0x24 d:/program files/microchip/xc32/v2.50/bin/bin/../../lib/gcc/pic32mx/4.8.3/../../../../pic32mx/lib/micromips\libxcpp.a(iostream.o)
                0x9d002891                std::bad_cast::~bad_cast()
 .gnu.linkonce.t._ZNSt12codecvt_baseD0Ev
                0x9d0028b4       0x1c d:/program files/microchip/xc32/v2.50/bin/bin/../../lib/gcc/pic32mx/4.8.3/../../../../pic32mx/lib/micromips\libxcpp.a(iostream.o)
                0x9d0028b5                std::codecvt_base::~codecvt_base()
 .gnu.linkonce.t._ZNSt10ctype_baseD0Ev
                0x9d0028d0       0x1c d:/program files/microchip/xc32/v2.50/bin/bin/../../lib/gcc/pic32mx/4.8.3/../../../../pic32mx/lib/micromips\libxcpp.a(iostream.o)
                0x9d0028d1                std::ctype_base::~ctype_base()
 .gnu.linkonce.t._ZNSt7codecvtIcc9_MbstatetED0Ev
                0x9d0028ec       0x1c d:/program files/microchip/xc32/v2.50/bin/bin/../../lib/gcc/pic32mx/4.8.3/../../../../pic32mx/lib/micromips\libxcpp.a(iostream.o)
                0x9d0028ed                std::codecvt<char, char, _Mbstatet>::~codecvt()
 .gnu.linkonce.t._ZNKSt5ctypeIcE8do_widenEPKcS2_Pc
                0x9d002908       0x18 d:/program files/microchip/xc32/v2.50/bin/bin/../../lib/gcc/pic32mx/4.8.3/../../../../pic32mx/lib/micromips\libxcpp.a(iostream.o)
                0x9d002909                std::ctype<char>::do_widen(char const*, char const*, char*) const
 .gnu.linkonce.t._ZNKSt5ctypeIcE9do_narrowEPKcS2_cPc
                0x9d002920       0x18 d:/program files/microchip/xc32/v2.50/bin/bin/../../lib/gcc/pic32mx/4.8.3/../../../../pic32mx/lib/micromips\libxcpp.a(iostream.o)
                0x9d002921                std::ctype<char>::do_narrow(char const*, char const*, char, char*) const
 .gnu.linkonce.t._ZNSt15basic_streambufIcSt11char_traitsIcEE6xsgetnEPci
                0x9d002938       0x8c d:/program files/microchip/xc32/v2.50/bin/bin/../../lib/gcc/pic32mx/4.8.3/../../../../pic32mx/lib/micromips\libxcpp.a(iostream.o)
                0x9d002939                std::basic_streambuf<char, std::char_traits<char> >::xsgetn(char*, int)
 .gnu.linkonce.t._ZNSt15basic_streambufIcSt11char_traitsIcEE6xsputnEPKci
                0x9d0029c4       0x8c d:/program files/microchip/xc32/v2.50/bin/bin/../../lib/gcc/pic32mx/4.8.3/../../../../pic32mx/lib/micromips\libxcpp.a(iostream.o)
                0x9d0029c5                std::basic_streambuf<char, std::char_traits<char> >::xsputn(char const*, int)
 .gnu.linkonce.t._ZNSt9basic_iosIcSt11char_traitsIcEED1Ev
                0x9d002a50       0x1c d:/program files/microchip/xc32/v2.50/bin/bin/../../lib/gcc/pic32mx/4.8.3/../../../../pic32mx/lib/micromips\libxcpp.a(iostream.o)
                0x9d002a51                std::basic_ios<char, std::char_traits<char> >::~basic_ios()
 .gnu.linkonce.t._ZNSt9basic_iosIcSt11char_traitsIcEED0Ev
                0x9d002a6c       0x24 d:/program files/microchip/xc32/v2.50/bin/bin/../../lib/gcc/pic32mx/4.8.3/../../../../pic32mx/lib/micromips\libxcpp.a(iostream.o)
                0x9d002a6d                std::basic_ios<char, std::char_traits<char> >::~basic_ios()
 .gnu.linkonce.t._ZNSoD1Ev
                0x9d002a90       0x34 d:/program files/microchip/xc32/v2.50/bin/bin/../../lib/gcc/pic32mx/4.8.3/../../../../pic32mx/lib/micromips\libxcpp.a(iostream.o)
                0x9d002a91                std::basic_ostream<char, std::char_traits<char> >::~basic_ostream()
                0x9d002ab9                virtual thunk to std::basic_ostream<char, std::char_traits<char> >::~basic_ostream()
 .gnu.linkonce.t._ZNSoD0Ev
                0x9d002ac4       0x3c d:/program files/microchip/xc32/v2.50/bin/bin/../../lib/gcc/pic32mx/4.8.3/../../../../pic32mx/lib/micromips\libxcpp.a(iostream.o)
                0x9d002ac5                std::basic_ostream<char, std::char_traits<char> >::~basic_ostream()
                0x9d002af5                virtual thunk to std::basic_ostream<char, std::char_traits<char> >::~basic_ostream()
 .gnu.linkonce.t._ZNSiD1Ev
                0x9d002b00       0x34 d:/program files/microchip/xc32/v2.50/bin/bin/../../lib/gcc/pic32mx/4.8.3/../../../../pic32mx/lib/micromips\libxcpp.a(iostream.o)
                0x9d002b01                std::basic_istream<char, std::char_traits<char> >::~basic_istream()
                0x9d002b29                virtual thunk to std::basic_istream<char, std::char_traits<char> >::~basic_istream()
 .gnu.linkonce.t._ZNSiD0Ev
                0x9d002b34       0x3c d:/program files/microchip/xc32/v2.50/bin/bin/../../lib/gcc/pic32mx/4.8.3/../../../../pic32mx/lib/micromips\libxcpp.a(iostream.o)
                0x9d002b35                std::basic_istream<char, std::char_traits<char> >::~basic_istream()
                0x9d002b65                virtual thunk to std::basic_istream<char, std::char_traits<char> >::~basic_istream()
 .gnu.linkonce.t._ZNSt13basic_filebufIcSt11char_traitsIcEE4syncEv
                0x9d002b70       0x38 d:/program files/microchip/xc32/v2.50/bin/bin/../../lib/gcc/pic32mx/4.8.3/../../../../pic32mx/lib/micromips\libxcpp.a(iostream.o)
                0x9d002b71                std::basic_filebuf<char, std::char_traits<char> >::sync()
 .gnu.linkonce.t._ZNSt13basic_filebufIcSt11char_traitsIcEE9pbackfailEi
                0x9d002ba8       0xb4 d:/program files/microchip/xc32/v2.50/bin/bin/../../lib/gcc/pic32mx/4.8.3/../../../../pic32mx/lib/micromips\libxcpp.a(iostream.o)
                0x9d002ba9                std::basic_filebuf<char, std::char_traits<char> >::pbackfail(int)
 .gnu.linkonce.t._ZNSt13basic_filebufIcSt11char_traitsIcEE9underflowEv
                0x9d002c5c       0x48 d:/program files/microchip/xc32/v2.50/bin/bin/../../lib/gcc/pic32mx/4.8.3/../../../../pic32mx/lib/micromips\libxcpp.a(iostream.o)
                0x9d002c5d                std::basic_filebuf<char, std::char_traits<char> >::underflow()
 .gnu.linkonce.t._ZNSt5ctypeIcED1Ev
                0x9d002ca4       0x60 d:/program files/microchip/xc32/v2.50/bin/bin/../../lib/gcc/pic32mx/4.8.3/../../../../pic32mx/lib/micromips\libxcpp.a(iostream.o)
                0x9d002ca5                std::ctype<char>::~ctype()
 .gnu.linkonce.t._ZNSt5ctypeIcED0Ev
                0x9d002d04       0x78 d:/program files/microchip/xc32/v2.50/bin/bin/../../lib/gcc/pic32mx/4.8.3/../../../../pic32mx/lib/micromips\libxcpp.a(iostream.o)
                0x9d002d05                std::ctype<char>::~ctype()
 .gnu.linkonce.t._ZNSt13basic_filebufIcSt11char_traitsIcEE6setbufEPci
                0x9d002d7c       0xa8 d:/program files/microchip/xc32/v2.50/bin/bin/../../lib/gcc/pic32mx/4.8.3/../../../../pic32mx/lib/micromips\libxcpp.a(iostream.o)
                0x9d002d7d                std::basic_filebuf<char, std::char_traits<char> >::setbuf(char*, int)
 .gnu.linkonce.t._ZNSt13basic_filebufIcSt11char_traitsIcEE5imbueERKSt6locale
                0x9d002e24      0x1f8 d:/program files/microchip/xc32/v2.50/bin/bin/../../lib/gcc/pic32mx/4.8.3/../../../../pic32mx/lib/micromips\libxcpp.a(iostream.o)
                0x9d002e25                std::basic_filebuf<char, std::char_traits<char> >::imbue(std::locale const&)
 .gnu.linkonce.t._ZNSt15basic_streambufIcSt11char_traitsIcEED1Ev
                0x9d00301c       0x48 d:/program files/microchip/xc32/v2.50/bin/bin/../../lib/gcc/pic32mx/4.8.3/../../../../pic32mx/lib/micromips\libxcpp.a(iostream.o)
                0x9d00301d                std::basic_streambuf<char, std::char_traits<char> >::~basic_streambuf()
 .gnu.linkonce.t._ZNSt15basic_streambufIcSt11char_traitsIcEED0Ev
                0x9d003064       0x54 d:/program files/microchip/xc32/v2.50/bin/bin/../../lib/gcc/pic32mx/4.8.3/../../../../pic32mx/lib/micromips\libxcpp.a(iostream.o)
                0x9d003065                std::basic_streambuf<char, std::char_traits<char> >::~basic_streambuf()
 .gnu.linkonce.t._ZNSt6localeD1Ev
                0x9d0030b8       0x30 d:/program files/microchip/xc32/v2.50/bin/bin/../../lib/gcc/pic32mx/4.8.3/../../../../pic32mx/lib/micromips\libxcpp.a(iostream.o)
                0x9d0030b9                std::locale::~locale()
 .gnu.linkonce.t._ZNSt13basic_filebufIcSt11char_traitsIcEE7seekposESt4fposI9_MbstatetENSt5_IosbIiE9_OpenmodeE
                0x9d0030e8      0x4e4 d:/program files/microchip/xc32/v2.50/bin/bin/../../lib/gcc/pic32mx/4.8.3/../../../../pic32mx/lib/micromips\libxcpp.a(iostream.o)
                0x9d0030e9                std::basic_filebuf<char, std::char_traits<char> >::seekpos(std::fpos<_Mbstatet>, std::_Iosb<int>::_Openmode)
 .gnu.linkonce.t._ZNSt13basic_filebufIcSt11char_traitsIcEE7seekoffElNSt5_IosbIiE8_SeekdirENS4_9_OpenmodeE
                0x9d0035cc      0x4b8 d:/program files/microchip/xc32/v2.50/bin/bin/../../lib/gcc/pic32mx/4.8.3/../../../../pic32mx/lib/micromips\libxcpp.a(iostream.o)
                0x9d0035cd                std::basic_filebuf<char, std::char_traits<char> >::seekoff(long, std::_Iosb<int>::_Seekdir, std::_Iosb<int>::_Openmode)
 .gnu.linkonce.t._ZNSt13basic_filebufIcSt11char_traitsIcEE5uflowEv
                0x9d003a84      0x480 d:/program files/microchip/xc32/v2.50/bin/bin/../../lib/gcc/pic32mx/4.8.3/../../../../pic32mx/lib/micromips\libxcpp.a(iostream.o)
                0x9d003a85                std::basic_filebuf<char, std::char_traits<char> >::uflow()
 .gnu.linkonce.t._ZNSt13basic_filebufIcSt11char_traitsIcEE8overflowEi
                0x9d003f04      0x474 d:/program files/microchip/xc32/v2.50/bin/bin/../../lib/gcc/pic32mx/4.8.3/../../../../pic32mx/lib/micromips\libxcpp.a(iostream.o)
                0x9d003f05                std::basic_filebuf<char, std::char_traits<char> >::overflow(int)
 .gnu.linkonce.t._ZNSs6appendEmc
                0x9d004378      0x2ac d:/program files/microchip/xc32/v2.50/bin/bin/../../lib/gcc/pic32mx/4.8.3/../../../../pic32mx/lib/micromips\libxcpp.a(iostream.o)
                0x9d004379                std::string::append(unsigned long, char)
 .gnu.linkonce.t._ZNSt13basic_filebufIcSt11char_traitsIcEED0Ev
                0x9d004624      0x2cc d:/program files/microchip/xc32/v2.50/bin/bin/../../lib/gcc/pic32mx/4.8.3/../../../../pic32mx/lib/micromips\libxcpp.a(iostream.o)
                0x9d004625                std::basic_filebuf<char, std::char_traits<char> >::~basic_filebuf()
 .gnu.linkonce.t._ZNSt13basic_filebufIcSt11char_traitsIcEED1Ev
                0x9d0048f0      0x2c4 d:/program files/microchip/xc32/v2.50/bin/bin/../../lib/gcc/pic32mx/4.8.3/../../../../pic32mx/lib/micromips\libxcpp.a(iostream.o)
                0x9d0048f1                std::basic_filebuf<char, std::char_traits<char> >::~basic_filebuf()
 .gnu.linkonce.t._ZNKSt11logic_error4whatEv
                0x9d004bb4       0x10 d:/program files/microchip/xc32/v2.50/bin/bin/../../lib/gcc/pic32mx/4.8.3/../../../../pic32mx/lib/micromips\libxcpp.a(xthrow.o)
                0x9d004bb5                std::logic_error::what() const
 .gnu.linkonce.t._ZNSt11logic_errorD1Ev
                0x9d004bc4       0x38 d:/program files/microchip/xc32/v2.50/bin/bin/../../lib/gcc/pic32mx/4.8.3/../../../../pic32mx/lib/micromips\libxcpp.a(xthrow.o)
                0x9d004bc5                std::logic_error::~logic_error()
 .gnu.linkonce.t._ZNSt14overflow_errorD0Ev
                0x9d004bfc       0x40 d:/program files/microchip/xc32/v2.50/bin/bin/../../lib/gcc/pic32mx/4.8.3/../../../../pic32mx/lib/micromips\libxcpp.a(xthrow.o)
                0x9d004bfd                std::overflow_error::~overflow_error()
 .gnu.linkonce.t._ZNSt12out_of_rangeD0Ev
                0x9d004c3c       0x40 d:/program files/microchip/xc32/v2.50/bin/bin/../../lib/gcc/pic32mx/4.8.3/../../../../pic32mx/lib/micromips\libxcpp.a(xthrow.o)
                0x9d004c3d                std::out_of_range::~out_of_range()
 .gnu.linkonce.t._ZNSt11logic_errorD0Ev
                0x9d004c7c       0x40 d:/program files/microchip/xc32/v2.50/bin/bin/../../lib/gcc/pic32mx/4.8.3/../../../../pic32mx/lib/micromips\libxcpp.a(xthrow.o)
                0x9d004c7d                std::logic_error::~logic_error()
 .gnu.linkonce.t._ZNSt14overflow_errorD1Ev
                0x9d004cbc       0x38 d:/program files/microchip/xc32/v2.50/bin/bin/../../lib/gcc/pic32mx/4.8.3/../../../../pic32mx/lib/micromips\libxcpp.a(xthrow.o)
                0x9d004cbd                std::overflow_error::~overflow_error()
 .gnu.linkonce.t._ZNSt12length_errorD1Ev
                0x9d004cf4       0x38 d:/program files/microchip/xc32/v2.50/bin/bin/../../lib/gcc/pic32mx/4.8.3/../../../../pic32mx/lib/micromips\libxcpp.a(xthrow.o)
                0x9d004cf5                std::length_error::~length_error()
 .gnu.linkonce.t._ZNSt12out_of_rangeD1Ev
                0x9d004d2c       0x38 d:/program files/microchip/xc32/v2.50/bin/bin/../../lib/gcc/pic32mx/4.8.3/../../../../pic32mx/lib/micromips\libxcpp.a(xthrow.o)
                0x9d004d2d                std::out_of_range::~out_of_range()
 .gnu.linkonce.t._ZNSt16invalid_argumentD1Ev
                0x9d004d64       0x38 d:/program files/microchip/xc32/v2.50/bin/bin/../../lib/gcc/pic32mx/4.8.3/../../../../pic32mx/lib/micromips\libxcpp.a(xthrow.o)
                0x9d004d65                std::invalid_argument::~invalid_argument()
 .gnu.linkonce.t._ZNSt16invalid_argumentD0Ev
                0x9d004d9c       0x40 d:/program files/microchip/xc32/v2.50/bin/bin/../../lib/gcc/pic32mx/4.8.3/../../../../pic32mx/lib/micromips\libxcpp.a(xthrow.o)
                0x9d004d9d                std::invalid_argument::~invalid_argument()
 .gnu.linkonce.t._ZNSt12length_errorD0Ev
                0x9d004ddc       0x40 d:/program files/microchip/xc32/v2.50/bin/bin/../../lib/gcc/pic32mx/4.8.3/../../../../pic32mx/lib/micromips\libxcpp.a(xthrow.o)
                0x9d004ddd                std::length_error::~length_error()