Microchip MPLAB XC8 Compiler V2.31

Linker command line:

-W-3 --edf=D:\program files\Microchip\xc8\v2.31\pic\dat\en_msgs.txt -cn \
  -h+dist/default/production\EEPROM24AA128.X.production.sym \
  --cmf=dist/default/production\EEPROM24AA128.X.production.cmf -z \
  -Q16LF15376 -oC:\Users\hoang\AppData\Local\Temp\s18q4.2 \
  --defsym=__MPLAB_BUILD=1 \
  -Mdist/default/production/EEPROM24AA128.X.production.map -E1 \
  -ver=XC8 Compiler --acfsm=1493 -ASTACK=020D1h-027EFh -pstack=STACK \
  -ACODE=00h-07FFhx8 -ASTRCODE=00h-03FFFh -ASTRING=00h-0FFhx64 \
  -ACONST=00h-0FFhx64 -AENTRY=00h-0FFhx64 -ACOMMON=070h-07Fh \
  -ABANK0=020h-06Fh -ABANK1=0A0h-0EFh -ABANK2=0120h-016Fh \
  -ABANK3=01A0h-01EFh -ABANK4=0220h-026Fh -ABANK5=02A0h-02EFh \
  -ABANK6=0320h-036Fh -ABANK7=03A0h-03EFh -ABANK8=0420h-046Fh \
  -ABANK9=04A0h-04EFh -ABANK10=0520h-056Fh -ABANK11=05A0h-05EFh \
  -ABANK12=0620h-066Fh -ABANK13=06A0h-06EFh -ABANK14=0720h-076Fh \
  -ABANK15=07A0h-07EFh -ABANK16=0820h-086Fh -ABANK17=08A0h-08EFh \
  -ABANK18=0920h-096Fh -ABANK19=09A0h-09EFh -ABANK20=0A20h-0A6Fh \
  -ABANK21=0AA0h-0AEFh -ABANK22=0B20h-0B6Fh -ABANK23=0BA0h-0BEFh \
  -ABANK24=0C20h-0C6Fh -ABANK25=0CA0h-0CBFh -ABIGRAM=02000h-027EFh \
  -ARAM=020h-06Fh,0A0h-0EFh,0120h-016Fh,01A0h-01EFh,0220h-026Fh,02A0h-02EFh,0320h-036Fh,03A0h-03EFh,0420h-046Fh,04A0h-04EFh,0520h-056Fh,05A0h-05EFh,0620h-066Fh,06A0h-06EFh,0720h-076Fh,07A0h-07EFh,0820h-086Fh,08A0h-08EFh,0920h-096Fh,09A0h-09EFh,0A20h-0A6Fh,0AA0h-0AEFh,0B20h-0B6Fh,0BA0h-0BEFh,0C20h-0C6Fh,0CA0h-0CBFh \
  -AABS1=020h-07Fh,0A0h-0EFh,0120h-016Fh,01A0h-01EFh,0220h-026Fh,02A0h-02EFh,0320h-036Fh,03A0h-03EFh,0420h-046Fh,04A0h-04EFh,0520h-056Fh,05A0h-05EFh,0620h-066Fh,06A0h-06EFh,0720h-076Fh,07A0h-07EFh,0820h-086Fh,08A0h-08EFh,0920h-096Fh,09A0h-09EFh,0A20h-0A6Fh,0AA0h-0AEFh,0B20h-0B6Fh,0BA0h-0BEFh,0C20h-0C6Fh,0CA0h-0CBFh \
  -ASFR0=00h-01Fh -ASFR1=080h-09Fh -ASFR2=0100h-011Fh -ASFR3=0180h-019Fh \
  -ASFR4=0200h-021Fh -ASFR5=0280h-029Fh -ASFR6=0300h-031Fh \
  -ASFR7=0380h-039Fh -ASFR8=0400h-041Fh -ASFR9=0480h-049Fh \
  -ASFR10=0500h-051Fh -ASFR11=0580h-059Fh -ASFR12=0600h-061Fh \
  -ASFR13=0680h-069Fh -ASFR14=0700h-071Fh -ASFR15=0780h-079Fh \
  -ASFR16=0800h-081Fh -ASFR17=0880h-089Fh -ASFR18=0900h-091Fh \
  -ASFR19=0980h-099Fh -ASFR20=0A00h-0A1Fh -ASFR21=0A80h-0A9Fh \
  -ASFR22=0B00h-0B1Fh -ASFR23=0B80h-0B9Fh -ASFR24=0C00h-0C1Fh \
  -ASFR25=0C80h-0C9Fh -ASFR26=0D00h-0D6Fh -ASFR27=0D80h-0DEFh \
  -ASFR28=0E00h-0E6Fh -ASFR29=0E80h-0EEFh -ASFR30=0F00h-0F6Fh \
  -ASFR31=0F80h-0FEFh -ASFR32=01000h-0106Fh -ASFR33=01080h-010EFh \
  -ASFR34=01100h-0116Fh -ASFR35=01180h-011EFh -ASFR36=01200h-0126Fh \
  -ASFR37=01280h-012EFh -ASFR38=01300h-0136Fh -ASFR39=01380h-013EFh \
  -ASFR40=01400h-0146Fh -ASFR41=01480h-014EFh -ASFR42=01500h-0156Fh \
  -ASFR43=01580h-015EFh -ASFR44=01600h-0166Fh -ASFR45=01680h-016EFh \
  -ASFR46=01700h-0176Fh -ASFR47=01780h-017EFh -ASFR48=01800h-0186Fh \
  -ASFR49=01880h-018EFh -ASFR50=01900h-0196Fh -ASFR51=01980h-019EFh \
  -ASFR52=01A00h-01A6Fh -ASFR53=01A80h-01AEFh -ASFR54=01B00h-01B6Fh \
  -ASFR55=01B80h-01BEFh -ASFR56=01C00h-01C6Fh -ASFR57=01C80h-01CEFh \
  -ASFR58=01D00h-01D6Fh -ASFR59=01D80h-01DEFh -ASFR60=01E00h-01E6Fh \
  -ASFR61=01E80h-01EEFh -ASFR62=01F00h-01F6Fh -ASFR63=01F80h-01FEFh \
  -ACONFIG=08007h-0800Bh -DCONFIG=2 -AIDLOC=08000h-08003h -DIDLOC=2 \
  -DCODE=2 -DSTRCODE=2 -DSTRING=2 -DCONST=2 -DENTRY=2 \
  -preset_vec=00h,intentry,init,end_init -ppowerup=CODE -pcinit=CODE \
  -pfunctab=ENTRY -k C:\Users\hoang\AppData\Local\Temp\s18q4.o \
  dist/default/production\EEPROM24AA128.X.production.o 

Object code version is 3.11

Machine type is 16LF15376



                Name                               Link     Load   Length Selector   Space Scale
C:\Users\hoang\AppData\Local\Temp\s18q4.o
                end_init                              2        2        2        0       0
                reset_vec                             0        0        2        0       0
                config                             8007     8007        5        0       4
dist/default/production\EEPROM24AA128.X.production.o
                cinit                               7D5      7D5       2B      FAA       0
                config                             8007     8007        5        0       4
                text45                              DB5      DB5        3     1B6A       0
                text44                              DB8      DB8        3     1B70       0
                text43                              DBB      DBB        3     1B76       0
                text42                              EF6      EF6       1C     1DEC       0
                text41                              DBE      DBE        3     1B7C       0
                text40                              EDB      EDB       1B     1DB6       0
                text39                              DC4      DC4        5     1B88       0
                text38                              DC1      DC1        3     1B82       0
                text37                              E22      E22        E     1C44       0
                text36                              DD8      DD8        6     1BB0       0
                text35                               8F       8F       44      11E       0
                text34                              E30      E30       10     1C60       0
                text33                              F12      F12       1E     1E24       0
                text32                              DC9      DC9        5     1B92       0
                text31                               11       11       26       22       0
                text30                                4        4        D        0       0
                text29                              FB6      FB6       25     1F6C       0
                text28                              F92      F92       24     1F24       0
                text27                              F4E      F4E       22     1E9C       0
                text26                              DDE      DDE        6     1BBC       0
                text25                              DE4      DE4        6     1BC8       0
                text24                              DEA      DEA        6     1BD4       0
                text23                              F70      F70       22     1EE0       0
                text22                              E04      E04        A     1C08       0
                text21                              E0E      E0E        A     1C1C       0
                text20                              118      118       4E      230       0
                text19                              DFC      DFC        8     1BF8       0
                text18                              E40      E40       10     1C80       0
                text17                              2A9      2A9      101      552       0
                text16                              1BF      1BF       EA      37E       0
                text15                              EA7      EA7       1A     1D4E       0
                text14                              E18      E18        A     1C30       0
                text13                              DCE      DCE        5     1B9C       0
                text12                               37       37       27       6E       0
                text11                              EC1      EC1       1A     1D82       0
                text10                              166      166       59      2CC       0
                text9                               4EE      4EE      170      9DC       0
                text8                               F30      F30       1E     1E60       0
                text7                               E77      E77       18     1CEE       0
                text6                               E8F      E8F       18     1D1E       0
                text5                               FDB      FDB       25     1FB6       0
                text4                               65E      65E      177      CBC       0
                text3                               3AA      3AA      144      754       0
                text2                                5E       5E       31       BC       0
                text1                               E61      E61       16     1CC2       0
                maintext                             D3       D3       45      1A6       0
                cstackBANK0                          20       20       50       20       1
                cstackCOMMON                         70       70        E       70       1
                cstackBANK1                          CD       CD       14       A0       1
                clrtext                             DF0      DF0        6     1BE0       0
                inittext                            DF6      DF6        6     1BEC       0
                dataBANK2                           140      140       11      120       1
                bssBANK2                            120      120       20      120       1
                dataBANK1                            E7       E7        5       A0       1
                bssBANK1                             A0       A0       2D       A0       1
                stringtext8                        1095     1095        7     2000       0
                stringtext7                        108E     108E        7     2000       0
                stringtext6                        1077     1077       17     2000       0
                stringtext5                        105D     105D       1A     2000       0
                stringtext4                        1042     1042       1B     2000       0
                stringtext3                        1000     1000       22     2000       0
                stringtext2                         800      800       32     1000       0
                nvBANK1                              E1       E1        6       A0       1
                stringtext1                        1022     1022       20     2000       0
                idataBANK2                          E50      E50       11     1CA0       0
                idataBANK1                          DD3      DD3        5     1BA6       0

TOTAL           Name                               Link     Load   Length     Space
        CLASS   STACK          

        CLASS   CODE           
                end_init                              2        2        2         0
                cinit                               7D5      7D5       2B         0
                reset_vec                             0        0        2         0
                text45                              DB5      DB5        3         0
                text44                              DB8      DB8        3         0
                text43                              DBB      DBB        3         0
                text42                              EF6      EF6       1C         0
                text41                              DBE      DBE        3         0
                text40                              EDB      EDB       1B         0
                text39                              DC4      DC4        5         0
                text38                              DC1      DC1        3         0
                text37                              E22      E22        E         0
                text36                              DD8      DD8        6         0
                text35                               8F       8F       44         0
                text34                              E30      E30       10         0
                text33                              F12      F12       1E         0
                text32                              DC9      DC9        5         0
                text31                               11       11       26         0
                text30                                4        4        D         0
                text29                              FB6      FB6       25         0
                text28                              F92      F92       24         0
                text27                              F4E      F4E       22         0
                text26                              DDE      DDE        6         0
                text25                              DE4      DE4        6         0
                text24                              DEA      DEA        6         0
                text23                              F70      F70       22         0
                text22                              E04      E04        A         0
                text21                              E0E      E0E        A         0
                text20                              118      118       4E         0
                text19                              DFC      DFC        8         0
                text18                              E40      E40       10         0
                text17                              2A9      2A9      101         0
                text16                              1BF      1BF       EA         0
                text15                              EA7      EA7       1A         0
                text14                              E18      E18        A         0
                text13                              DCE      DCE        5         0
                text12                               37       37       27         0
                text11                              EC1      EC1       1A         0
                text10                              166      166       59         0
                text9                               4EE      4EE      170         0
                text8                               F30      F30       1E         0
                text7                               E77      E77       18         0
                text6                               E8F      E8F       18         0
                text5                               FDB      FDB       25         0
                text4                               65E      65E      177         0
                text3                               3AA      3AA      144         0
                text2                                5E       5E       31         0
                text1                               E61      E61       16         0
                maintext                             D3       D3       45         0
                clrtext                             DF0      DF0        6         0
                inittext                            DF6      DF6        6         0
                idataBANK2                          E50      E50       11         0
                idataBANK1                          DD3      DD3        5         0

        CLASS   STRCODE        
                stringtext8                        1095     1095        7         0
                stringtext7                        108E     108E        7         0
                stringtext6                        1077     1077       17         0
                stringtext5                        105D     105D       1A         0
                stringtext4                        1042     1042       1B         0
                stringtext3                        1000     1000       22         0
                stringtext2                         800      800       32         0
                stringtext1                        1022     1022       20         0

        CLASS   STRING         

        CLASS   CONST          

        CLASS   ENTRY          

        CLASS   COMMON         
                cstackCOMMON                         70       70        E         1

        CLASS   BANK0          
                cstackBANK0                          20       20       50         1

        CLASS   BANK1          
                cstackBANK1                          CD       CD       14         1
                dataBANK1                            E7       E7        5         1
                bssBANK1                             A0       A0       2D         1
                nvBANK1                              E1       E1        6         1

        CLASS   BANK2          
                dataBANK2                           140      140       11         1
                bssBANK2                            120      120       20         1

        CLASS   BANK3          

        CLASS   BANK4          

        CLASS   BANK5          

        CLASS   BANK6          

        CLASS   BANK7          

        CLASS   BANK8          

        CLASS   BANK9          

        CLASS   BANK10         

        CLASS   BANK11         

        CLASS   BANK12         

        CLASS   BANK13         

        CLASS   BANK14         

        CLASS   BANK15         

        CLASS   BANK16         

        CLASS   BANK17         

        CLASS   BANK18         

        CLASS   BANK19         

        CLASS   BANK20         

        CLASS   BANK21         

        CLASS   BANK22         

        CLASS   BANK23         

        CLASS   BANK24         

        CLASS   BANK25         

        CLASS   BIGRAM         

        CLASS   RAM            

        CLASS   ABS1           
                abs_s1                               7E       7E        2         1

        CLASS   SFR0           

        CLASS   SFR1           

        CLASS   SFR2           

        CLASS   SFR3           

        CLASS   SFR4           

        CLASS   SFR5           

        CLASS   SFR6           

        CLASS   SFR7           

        CLASS   SFR8           

        CLASS   SFR9           

        CLASS   SFR10          

        CLASS   SFR11          

        CLASS   SFR12          

        CLASS   SFR13          

        CLASS   SFR14          

        CLASS   SFR15          

        CLASS   SFR16          

        CLASS   SFR17          

        CLASS   SFR18          

        CLASS   SFR19          

        CLASS   SFR20          

        CLASS   SFR21          

        CLASS   SFR22          

        CLASS   SFR23          

        CLASS   SFR24          

        CLASS   SFR25          

        CLASS   SFR26          

        CLASS   SFR27          

        CLASS   SFR28          

        CLASS   SFR29          

        CLASS   SFR30          

        CLASS   SFR31          

        CLASS   SFR32          

        CLASS   SFR33          

        CLASS   SFR34          

        CLASS   SFR35          

        CLASS   SFR36          

        CLASS   SFR37          

        CLASS   SFR38          

        CLASS   SFR39          

        CLASS   SFR40          

        CLASS   SFR41          

        CLASS   SFR42          

        CLASS   SFR43          

        CLASS   SFR44          

        CLASS   SFR45          

        CLASS   SFR46          

        CLASS   SFR47          

        CLASS   SFR48          

        CLASS   SFR49          

        CLASS   SFR50          

        CLASS   SFR51          

        CLASS   SFR52          

        CLASS   SFR53          

        CLASS   SFR54          

        CLASS   SFR55          

        CLASS   SFR56          

        CLASS   SFR57          

        CLASS   SFR58          

        CLASS   SFR59          

        CLASS   SFR60          

        CLASS   SFR61          

        CLASS   SFR62          

        CLASS   SFR63          

        CLASS   CONFIG         
                config                             8007     8007        5         4

        CLASS   IDLOC          

        CLASS   BANK63         

        CLASS   BANK62         

        CLASS   BANK61         

        CLASS   BANK60         

        CLASS   BANK59         

        CLASS   BANK58         

        CLASS   BANK57         

        CLASS   BANK56         

        CLASS   BANK55         

        CLASS   BANK54         

        CLASS   BANK53         

        CLASS   BANK52         

        CLASS   BANK51         

        CLASS   BANK50         

        CLASS   BANK49         

        CLASS   BANK48         

        CLASS   BANK47         

        CLASS   BANK46         

        CLASS   BANK45         

        CLASS   BANK44         

        CLASS   BANK43         

        CLASS   BANK42         

        CLASS   BANK41         

        CLASS   BANK40         

        CLASS   BANK39         

        CLASS   BANK38         

        CLASS   BANK37         

        CLASS   BANK36         

        CLASS   BANK35         

        CLASS   BANK34         

        CLASS   BANK33         

        CLASS   BANK32         

        CLASS   BANK31         

        CLASS   BANK30         

        CLASS   BANK29         

        CLASS   BANK28         

        CLASS   BANK27         

        CLASS   BANK26         

        CLASS   EEDATA         



SEGMENTS        Name                           Load    Length   Top    Selector   Space  Class     Delta

                reset_vec                      000000  000011  000011         0       0  CODE        2
                cstackBANK0                    000020  000050  000070        20       1  BANK0       1
                text31                         000011  000026  000037        22       0  CODE        2
                text12                         000037  000027  00005E        6E       0  CODE        2
                cstackCOMMON                   000070  00000E  00007E        70       1  COMMON      1
                bssBANK1                       0000A0  00004C  0000EC        A0       1  BANK1       1
                text2                          00005E  000031  00008F        BC       0  CODE        2
                text35                         00008F  000044  0000D3       11E       0  CODE        2
                bssBANK2                       000120  000031  000151       120       1  BANK2       1
                maintext                       0000D3  000045  000118       1A6       0  CODE        2
                text20                         000118  00004E  000166       230       0  CODE        2
                text10                         000166  000059  0001BF       2CC       0  CODE        2
                text16                         0001BF  0000EA  0002A9       37E       0  CODE        2
                text17                         0002A9  000101  0003AA       552       0  CODE        2
                text3                          0003AA  000144  0004EE       754       0  CODE        2
                text9                          0004EE  000170  00065E       9DC       0  CODE        2
                text4                          00065E  000177  0007D5       CBC       0  CODE        2
                cinit                          0007D5  00002B  000800       FAA       0  CODE        2
                stringtext2                    000800  000032  000832      1000       0  STRCODE     2
                text45                         000DB5  000003  000DB8      1B6A       0  CODE        2
                text44                         000DB8  000003  000DBB      1B70       0  CODE        2
                text43                         000DBB  000003  000DBE      1B76       0  CODE        2
                text41                         000DBE  000003  000DC1      1B7C       0  CODE        2
                text38                         000DC1  000003  000DC4      1B82       0  CODE        2
                text39                         000DC4  000005  000DC9      1B88       0  CODE        2
                text32                         000DC9  000005  000DCE      1B92       0  CODE        2
                text13                         000DCE  000005  000DD3      1B9C       0  CODE        2
                idataBANK1                     000DD3  000005  000DD8      1BA6       0  CODE        2
                text36                         000DD8  000006  000DDE      1BB0       0  CODE        2
                text26                         000DDE  000006  000DE4      1BBC       0  CODE        2
                text25                         000DE4  000006  000DEA      1BC8       0  CODE        2
                text24                         000DEA  000006  000DF0      1BD4       0  CODE        2
                clrtext                        000DF0  000006  000DF6      1BE0       0  CODE        2
                inittext                       000DF6  000006  000DFC      1BEC       0  CODE        2
                text19                         000DFC  000008  000E04      1BF8       0  CODE        2
                text22                         000E04  00000A  000E0E      1C08       0  CODE        2
                text21                         000E0E  00000A  000E18      1C1C       0  CODE        2
                text14                         000E18  00000A  000E22      1C30       0  CODE        2
                text37                         000E22  00000E  000E30      1C44       0  CODE        2
                text34                         000E30  000010  000E40      1C60       0  CODE        2
                text18                         000E40  000010  000E50      1C80       0  CODE        2
                idataBANK2                     000E50  000011  000E61      1CA0       0  CODE        2
                text1                          000E61  000016  000E77      1CC2       0  CODE        2
                text7                          000E77  000018  000E8F      1CEE       0  CODE        2
                text6                          000E8F  000018  000EA7      1D1E       0  CODE        2
                text15                         000EA7  00001A  000EC1      1D4E       0  CODE        2
                text11                         000EC1  00001A  000EDB      1D82       0  CODE        2
                text40                         000EDB  00001B  000EF6      1DB6       0  CODE        2
                text42                         000EF6  00001C  000F12      1DEC       0  CODE        2
                text33                         000F12  00001E  000F30      1E24       0  CODE        2
                text8                          000F30  00001E  000F4E      1E60       0  CODE        2
                text27                         000F4E  000022  000F70      1E9C       0  CODE        2
                text23                         000F70  000022  000F92      1EE0       0  CODE        2
                text28                         000F92  000024  000FB6      1F24       0  CODE        2
                text29                         000FB6  000025  000FDB      1F6C       0  CODE        2
                text5                          000FDB  000025  001000      1FB6       0  CODE        2
                stringtext3                    001000  00009C  00109C      2000       0  STRCODE     2


UNUSED ADDRESS RANGES

        Name                Unused          Largest block    Delta
        BANK1            000EC-000EF               4           1
        BANK10           00520-0056F              50           1
        BANK11           005A0-005EF              50           1
        BANK12           00620-0066F              50           1
        BANK13           006A0-006EF              50           1
        BANK14           00720-0076F              50           1
        BANK15           007A0-007EF              50           1
        BANK16           00820-0086F              50           1
        BANK17           008A0-008EF              50           1
        BANK18           00920-0096F              50           1
        BANK19           009A0-009EF              50           1
        BANK2            00151-0016F              1F           1
        BANK20           00A20-00A6F              50           1
        BANK21           00AA0-00AEF              50           1
        BANK22           00B20-00B6F              50           1
        BANK23           00BA0-00BEF              50           1
        BANK24           00C20-00C6F              50           1
        BANK25           00CA0-00CBF              20           1
        BANK3            001A0-001EF              50           1
        BANK4            00220-0026F              50           1
        BANK5            002A0-002EF              50           1
        BANK6            00320-0036F              50           1
        BANK7            003A0-003EF              50           1
        BANK8            00420-0046F              50           1
        BANK9            004A0-004EF              50           1
        BIGRAM           02000-027EF             7F0           1
        CODE             00832-00DB4             583           2
                         0109C-03FFF             800
        CONST            00832-00DB4             100           2
                         0109C-03FFF             100
        ENTRY            00832-00DB4             100           2
                         0109C-03FFF             100
        IDLOC            08000-08003               4           2
        RAM              000EC-000EF               4           1
                         00151-0016F              1F
                         001A0-001EF              50
                         00220-0026F              50
                         002A0-002EF              50
                         00320-0036F              50
                         003A0-003EF              50
                         00420-0046F              50
                         004A0-004EF              50
                         00520-0056F              50
                         005A0-005EF              50
                         00620-0066F              50
                         006A0-006EF              50
                         00720-0076F              50
                         007A0-007EF              50
                         00820-0086F              50
                         008A0-008EF              50
                         00920-0096F              50
                         009A0-009EF              50
                         00A20-00A6F              50
                         00AA0-00AEF              50
                         00B20-00B6F              50
                         00BA0-00BEF              50
                         00C20-00C6F              50
                         00CA0-00CBF              20
        SFR0             00000-0001F              20           1
        SFR1             00080-0009F              20           1
        SFR10            00500-0051F              20           1
        SFR11            00580-0059F              20           1
        SFR12            00600-0061F              20           1
        SFR13            00680-0069F              20           1
        SFR14            00700-0071F              20           1
        SFR15            00780-0079F              20           1
        SFR16            00800-0081F              20           1
        SFR17            00880-0089F              20           1
        SFR18            00900-0091F              20           1
        SFR19            00980-0099F              20           1
        SFR2             00100-0011F              20           1
        SFR20            00A00-00A1F              20           1
        SFR21            00A80-00A9F              20           1
        SFR22            00B00-00B1F              20           1
        SFR23            00B80-00B9F              20           1
        SFR24            00C00-00C1F              20           1
        SFR25            00C80-00C9F              20           1
        SFR26            00D00-00D6F              70           1
        SFR27            00D80-00DEF              70           1
        SFR28            00E00-00E6F              70           1
        SFR29            00E80-00EEF              70           1
        SFR3             00180-0019F              20           1
        SFR30            00F00-00F6F              70           1
        SFR31            00F80-00FEF              70           1
        SFR32            01000-0106F              70           1
        SFR33            01080-010EF              70           1
        SFR34            01100-0116F              70           1
        SFR35            01180-011EF              70           1
        SFR36            01200-0126F              70           1
        SFR37            01280-012EF              70           1
        SFR38            01300-0136F              70           1
        SFR39            01380-013EF              70           1
        SFR4             00200-0021F              20           1
        SFR40            01400-0146F              70           1
        SFR41            01480-014EF              70           1
        SFR42            01500-0156F              70           1
        SFR43            01580-015EF              70           1
        SFR44            01600-0166F              70           1
        SFR45            01680-016EF              70           1
        SFR46            01700-0176F              70           1
        SFR47            01780-017EF              70           1
        SFR48            01800-0186F              70           1
        SFR49            01880-018EF              70           1
        SFR5             00280-0029F              20           1
        SFR50            01900-0196F              70           1
        SFR51            01980-019EF              70           1
        SFR52            01A00-01A6F              70           1
        SFR53            01A80-01AEF              70           1
        SFR54            01B00-01B6F              70           1
        SFR55            01B80-01BEF              70           1
        SFR56            01C00-01C6F              70           1
        SFR57            01C80-01CEF              70           1
        SFR58            01D00-01D6F              70           1
        SFR59            01D80-01DEF              70           1
        SFR6             00300-0031F              20           1
        SFR60            01E00-01E6F              70           1
        SFR61            01E80-01EEF              70           1
        SFR62            01F00-01F6F              70           1
        SFR63            01F80-01FEF              70           1
        SFR7             00380-0039F              20           1
        SFR8             00400-0041F              20           1
        SFR9             00480-0049F              20           1
        STACK            020D1-027EF             71F           1
        STRCODE          00832-00DB4             583           2
                         0109C-03FFF            2F64
        STRING           00832-00DB4             100           2
                         0109C-03FFF             100

                                  Symbol Table

?___aodiv                                         cstackBANK0  00020
?___aomod                                         cstackBANK0  00020
?_abs                                             cstackCOMMON 00073
?_dtoa                                            cstackBANK0  00030
?_isalpha                                         cstackCOMMON 00070
?_islower                                         cstackCOMMON 00070
?_isupper                                         cstackCOMMON 00070
?_pad                                             cstackBANK0  00020
?_printf                                          cstackBANK1  000CD
?_strlen                                          cstackCOMMON 00070
?_toupper                                         cstackCOMMON 00076
?_vfpfcnvrt                                       cstackBANK0  0004E
?_vfprintf                                        cstackBANK0  00067
?_xtoa                                            cstackBANK0  00028
EE_Read@addr                                      cstackBANK0  00020
EE_Read@frame                                     cstackBANK0  00022
EE_Write@addr                                     cstackBANK0  00020
EE_Write@data                                     cstackBANK0  00022
EE_Write@frame                                    cstackBANK0  00023
EUSART1_SetErrorHandler@interruptHandler          cstackCOMMON 00070
EUSART1_SetFramingErrorHandler@interruptHandler   cstackCOMMON 00070
EUSART1_SetOverrunErrorHandler@interruptHandler   cstackCOMMON 00070
EUSART1_Write@txData                              cstackCOMMON 00070
I2C1_Close@returnValue                            cstackCOMMON 00071
I2C1_MasterOperation@read                         cstackCOMMON 00071
I2C1_MasterOperation@returnValue                  cstackCOMMON 00072
I2C1_Open@address                                 cstackCOMMON 00073
I2C1_Open@returnValue                             cstackCOMMON 00074
I2C1_SetAddressNackCallback@cb                    cstackCOMMON 00075
I2C1_SetAddressNackCallback@ptr                   cstackCOMMON 00077
I2C1_SetBuffer@buffer                             cstackCOMMON 00073
I2C1_SetBuffer@bufferSize                         cstackCOMMON 00070
I2C1_SetCallback@cb                               cstackCOMMON 00070
I2C1_SetCallback@idx                              cstackCOMMON 00074
I2C1_SetCallback@ptr                              cstackCOMMON 00072
I2C1_SetInterruptHandler@InterruptHandler         cstackCOMMON 00070
I2CSIMPLE_example@F8205                           dataBANK2    00140
_ANSELA                                           (abs)        01F38
_ANSELB                                           (abs)        01F43
_ANSELC                                           (abs)        01F4E
_ANSELD                                           (abs)        01F59
_ANSELE                                           (abs)        01F64
_BAUD1CON                                         (abs)        0011F
_EE_Read                                          text28       00F92
_EE_Write                                         text27       00F4E
_EUSART1_DefaultErrorHandler                      (abs)        00000
_EUSART1_DefaultFramingErrorHandler               (abs)        00000
_EUSART1_DefaultOverrunErrorHandler               (abs)        00000
_EUSART1_ErrorHandler                             nvBANK1      000E1
_EUSART1_FramingErrorHandler                      nvBANK1      000E5
_EUSART1_Initialize                               text23       00F70
_EUSART1_OverrunErrorHandler                      nvBANK1      000E3
_EUSART1_SetErrorHandler                          text26       00DDE
_EUSART1_SetFramingErrorHandler                   text25       00DE4
_EUSART1_SetOverrunErrorHandler                   text24       00DEA
_EUSART1_Write                                    text14       00E18
_I2C1_CallbackReturnReset                         (abs)        00000
_I2C1_CallbackReturnStop                          (abs)        00000
_I2C1_Close                                       text42       00EF6
_I2C1_DO_ADDRESS_NACK                             (abs)        00000
_I2C1_DO_IDLE                                     (abs)        00000
_I2C1_DO_RCEN                                     (abs)        00000
_I2C1_DO_RESET                                    (abs)        00000
_I2C1_DO_RX                                       (abs)        00000
_I2C1_DO_RX_ACK                                   (abs)        00000
_I2C1_DO_RX_NACK_RESTART                          (abs)        00000
_I2C1_DO_RX_NACK_STOP                             (abs)        00000
_I2C1_DO_SEND_ADR_READ                            (abs)        00000
_I2C1_DO_SEND_ADR_WRITE                           (abs)        00000
_I2C1_DO_SEND_RESTART                             (abs)        00000
_I2C1_DO_SEND_RESTART_READ                        (abs)        00000
_I2C1_DO_SEND_RESTART_WRITE                       (abs)        00000
_I2C1_DO_SEND_STOP                                (abs)        00000
_I2C1_DO_TX                                       (abs)        00000
_I2C1_DO_TX_EMPTY                                 (abs)        00000
_I2C1_Initialize                                  text22       00E04
_I2C1_MasterClearIrq                              text45       00DB5
_I2C1_MasterClose                                 text44       00DB8
_I2C1_MasterDisableIrq                            text43       00DBB
_I2C1_MasterEnableIrq                             text38       00DC1
_I2C1_MasterIsr                                   (abs)        00000
_I2C1_MasterOpen                                  text37       00E22
_I2C1_MasterOperation                             text40       00EDB
_I2C1_MasterRead                                  text39       00DC4
_I2C1_MasterStart                                 text41       00DBE
_I2C1_MasterWrite                                 text32       00DC9
_I2C1_Open                                        text35       0008F
_I2C1_SetAddressNackCallback                      text30       00004
_I2C1_SetBuffer                                   text34       00E30
_I2C1_SetCallback                                 text31       00011
_I2C1_SetInterruptHandler                         text36       00DD8
_I2C1_Status                                      bssBANK1     000A0
_INLVLA                                           (abs)        01F3C
_INLVLB                                           (abs)        01F47
_INLVLC                                           (abs)        01F52
_INLVLD                                           (abs)        01F5D
_INLVLE                                           (abs)        01F68
_LATA                                             (abs)        00018
_LATB                                             (abs)        00019
_LATC                                             (abs)        0001A
_LATD                                             (abs)        0001B
_LATE                                             (abs)        0001C
_MSSP1_InterruptHandler                           bssBANK1     000CA
_ODCONA                                           (abs)        01F3A
_ODCONB                                           (abs)        01F45
_ODCONC                                           (abs)        01F50
_ODCOND                                           (abs)        01F5B
_ODCONE                                           (abs)        01F66
_OSCCON1                                          (abs)        0088D
_OSCCON3                                          (abs)        0088F
_OSCEN                                            (abs)        00891
_OSCFRQ                                           (abs)        00893
_OSCILLATOR_Initialize                            text21       00E0E
_OSCSTAT                                          (abs)        00890
_OSCTUNE                                          (abs)        00892
_PIE3bits                                         (abs)        00719
_PIN_MANAGER_Initialize                           text20       00118
_PIR3bits                                         (abs)        0070F
_PMD0                                             (abs)        00796
_PMD1                                             (abs)        00797
_PMD2                                             (abs)        00798
_PMD3                                             (abs)        00799
_PMD4                                             (abs)        0079A
_PMD5                                             (abs)        0079B
_PMD_Initialize                                   text19       00DFC
_RC1REG                                           (abs)        00119
_RC1STA                                           (abs)        0011D
_RC1STAbits                                       (abs)        0011D
_RC2PPS                                           (abs)        01F22
_RC3PPS                                           (abs)        01F23
_RC4PPS                                           (abs)        01F24
_RX1DTPPS                                         (abs)        01ECB
_SLRCONA                                          (abs)        01F3B
_SLRCONB                                          (abs)        01F46
_SLRCONC                                          (abs)        01F51
_SLRCOND                                          (abs)        01F5C
_SLRCONE                                          (abs)        01F67
_SP1BRGH                                          (abs)        0011C
_SP1BRGL                                          (abs)        0011B
_SSP1ADD                                          (abs)        0018D
_SSP1BUF                                          (abs)        0018C
_SSP1CLKPPS                                       (abs)        01EC5
_SSP1CON1                                         (abs)        00190
_SSP1CON1bits                                     (abs)        00190
_SSP1CON2                                         (abs)        00191
_SSP1CON2bits                                     (abs)        00191
_SSP1DATPPS                                       (abs)        01EC6
_SSP1STAT                                         (abs)        0018F
_SSP1STATbits                                     (abs)        0018F
_SYSTEM_Initialize                                text18       00E40
_TRISA                                            (abs)        00012
_TRISB                                            (abs)        00013
_TRISC                                            (abs)        00014
_TRISD                                            (abs)        00015
_TRISE                                            (abs)        00016
_TX1REG                                           (abs)        0011A
_TX1STA                                           (abs)        0011E
_TX1STAbits                                       (abs)        0011E
_WPUA                                             (abs)        01F39
_WPUB                                             (abs)        01F44
_WPUC                                             (abs)        01F4F
_WPUD                                             (abs)        01F5A
_WPUE                                             (abs)        01F65
__Habs1                                           abs1         00000
__Hbank0                                          bank0        00000
__Hbank1                                          bank1        00000
__Hbank10                                         bank10       00000
__Hbank11                                         bank11       00000
__Hbank12                                         bank12       00000
__Hbank13                                         bank13       00000
__Hbank14                                         bank14       00000
__Hbank15                                         bank15       00000
__Hbank16                                         bank16       00000
__Hbank17                                         bank17       00000
__Hbank18                                         bank18       00000
__Hbank19                                         bank19       00000
__Hbank2                                          bank2        00000
__Hbank20                                         bank20       00000
__Hbank21                                         bank21       00000
__Hbank22                                         bank22       00000
__Hbank23                                         bank23       00000
__Hbank24                                         bank24       00000
__Hbank25                                         bank25       00000
__Hbank26                                         bank26       00000
__Hbank27                                         bank27       00000
__Hbank28                                         bank28       00000
__Hbank29                                         bank29       00000
__Hbank3                                          bank3        00000
__Hbank30                                         bank30       00000
__Hbank31                                         bank31       00000
__Hbank32                                         bank32       00000
__Hbank33                                         bank33       00000
__Hbank34                                         bank34       00000
__Hbank35                                         bank35       00000
__Hbank36                                         bank36       00000
__Hbank37                                         bank37       00000
__Hbank38                                         bank38       00000
__Hbank39                                         bank39       00000
__Hbank4                                          bank4        00000
__Hbank40                                         bank40       00000
__Hbank41                                         bank41       00000
__Hbank42                                         bank42       00000
__Hbank43                                         bank43       00000
__Hbank44                                         bank44       00000
__Hbank45                                         bank45       00000
__Hbank46                                         bank46       00000
__Hbank47                                         bank47       00000
__Hbank48                                         bank48       00000
__Hbank49                                         bank49       00000
__Hbank5                                          bank5        00000
__Hbank50                                         bank50       00000
__Hbank51                                         bank51       00000
__Hbank52                                         bank52       00000
__Hbank53                                         bank53       00000
__Hbank54                                         bank54       00000
__Hbank55                                         bank55       00000
__Hbank56                                         bank56       00000
__Hbank57                                         bank57       00000
__Hbank58                                         bank58       00000
__Hbank59                                         bank59       00000
__Hbank6                                          bank6        00000
__Hbank60                                         bank60       00000
__Hbank61                                         bank61       00000
__Hbank62                                         bank62       00000
__Hbank63                                         bank63       00000
__Hbank7                                          bank7        00000
__Hbank8                                          bank8        00000
__Hbank9                                          bank9        00000
__Hbigram                                         bigram       00000
__HbssBANK1                                       bssBANK1     00000
__HbssBANK2                                       bssBANK2     00000
__Hcinit                                          cinit        00800
__Hclrtext                                        clrtext      00000
__Hcode                                           code         00000
__Hcommon                                         common       00000
__Hconfig                                         config       0800C
__HcstackBANK0                                    cstackBANK0  00000
__HcstackBANK1                                    cstackBANK1  00000
__HcstackCOMMON                                   cstackCOMMON 00000
__HdataBANK1                                      dataBANK1    00000
__HdataBANK2                                      dataBANK2    00000
__Heeprom_data                                    eeprom_data  00000
__Hend_init                                       end_init     00004
__Hfunctab                                        functab      00000
__HidataBANK1                                     idataBANK1   00000
__HidataBANK2                                     idataBANK2   00000
__Hinit                                           init         00002
__Hinittext                                       inittext     00000
__Hintentry                                       intentry     00002
__Hmaintext                                       maintext     00000
__HnvBANK1                                        nvBANK1      00000
__Hpowerup                                        powerup      00000
__Hram                                            ram          00000
__Hreset_vec                                      reset_vec    00002
__Hsfr0                                           sfr0         00000
__Hsfr1                                           sfr1         00000
__Hsfr10                                          sfr10        00000
__Hsfr11                                          sfr11        00000
__Hsfr12                                          sfr12        00000
__Hsfr13                                          sfr13        00000
__Hsfr14                                          sfr14        00000
__Hsfr15                                          sfr15        00000
__Hsfr16                                          sfr16        00000
__Hsfr17                                          sfr17        00000
__Hsfr18                                          sfr18        00000
__Hsfr19                                          sfr19        00000
__Hsfr2                                           sfr2         00000
__Hsfr20                                          sfr20        00000
__Hsfr21                                          sfr21        00000
__Hsfr22                                          sfr22        00000
__Hsfr23                                          sfr23        00000
__Hsfr24                                          sfr24        00000
__Hsfr25                                          sfr25        00000
__Hsfr26                                          sfr26        00000
__Hsfr27                                          sfr27        00000
__Hsfr28                                          sfr28        00000
__Hsfr29                                          sfr29        00000
__Hsfr3                                           sfr3         00000
__Hsfr30                                          sfr30        00000
__Hsfr31                                          sfr31        00000
__Hsfr32                                          sfr32        00000
__Hsfr33                                          sfr33        00000
__Hsfr34                                          sfr34        00000
__Hsfr35                                          sfr35        00000
__Hsfr36                                          sfr36        00000
__Hsfr37                                          sfr37        00000
__Hsfr38                                          sfr38        00000
__Hsfr39                                          sfr39        00000
__Hsfr4                                           sfr4         00000
__Hsfr40                                          sfr40        00000
__Hsfr41                                          sfr41        00000
__Hsfr42                                          sfr42        00000
__Hsfr43                                          sfr43        00000
__Hsfr44                                          sfr44        00000
__Hsfr45                                          sfr45        00000
__Hsfr46                                          sfr46        00000
__Hsfr47                                          sfr47        00000
__Hsfr48                                          sfr48        00000
__Hsfr49                                          sfr49        00000
__Hsfr5                                           sfr5         00000
__Hsfr50                                          sfr50        00000
__Hsfr51                                          sfr51        00000
__Hsfr52                                          sfr52        00000
__Hsfr53                                          sfr53        00000
__Hsfr54                                          sfr54        00000
__Hsfr55                                          sfr55        00000
__Hsfr56                                          sfr56        00000
__Hsfr57                                          sfr57        00000
__Hsfr58                                          sfr58        00000
__Hsfr59                                          sfr59        00000
__Hsfr6                                           sfr6         00000
__Hsfr60                                          sfr60        00000
__Hsfr61                                          sfr61        00000
__Hsfr62                                          sfr62        00000
__Hsfr63                                          sfr63        00000
__Hsfr7                                           sfr7         00000
__Hsfr8                                           sfr8         00000
__Hsfr9                                           sfr9         00000
__Hspace_0                                        (abs)        0109C
__Hspace_1                                        (abs)        00151
__Hspace_2                                        (abs)        00000
__Hspace_3                                        (abs)        00000
__Hspace_4                                        (abs)        10013
__Hstack                                          stack        00000
__Hstrings                                        strings      00000
__Hstringtext1                                    stringtext1  00000
__Hstringtext2                                    stringtext2  00000
__Hstringtext3                                    stringtext3  00000
__Hstringtext4                                    stringtext4  00000
__Hstringtext5                                    stringtext5  00000
__Hstringtext6                                    stringtext6  00000
__Hstringtext7                                    stringtext7  00000
__Hstringtext8                                    stringtext8  00000
__Hstringtext9                                    stringtext9  00000
__Htext                                           text         00000
__Labs1                                           abs1         00000
__Lbank0                                          bank0        00000
__Lbank1                                          bank1        00000
__Lbank10                                         bank10       00000
__Lbank11                                         bank11       00000
__Lbank12                                         bank12       00000
__Lbank13                                         bank13       00000
__Lbank14                                         bank14       00000
__Lbank15                                         bank15       00000
__Lbank16                                         bank16       00000
__Lbank17                                         bank17       00000
__Lbank18                                         bank18       00000
__Lbank19                                         bank19       00000
__Lbank2                                          bank2        00000
__Lbank20                                         bank20       00000
__Lbank21                                         bank21       00000
__Lbank22                                         bank22       00000
__Lbank23                                         bank23       00000
__Lbank24                                         bank24       00000
__Lbank25                                         bank25       00000
__Lbank26                                         bank26       00000
__Lbank27                                         bank27       00000
__Lbank28                                         bank28       00000
__Lbank29                                         bank29       00000
__Lbank3                                          bank3        00000
__Lbank30                                         bank30       00000
__Lbank31                                         bank31       00000
__Lbank32                                         bank32       00000
__Lbank33                                         bank33       00000
__Lbank34                                         bank34       00000
__Lbank35                                         bank35       00000
__Lbank36                                         bank36       00000
__Lbank37                                         bank37       00000
__Lbank38                                         bank38       00000
__Lbank39                                         bank39       00000
__Lbank4                                          bank4        00000
__Lbank40                                         bank40       00000
__Lbank41                                         bank41       00000
__Lbank42                                         bank42       00000
__Lbank43                                         bank43       00000
__Lbank44                                         bank44       00000
__Lbank45                                         bank45       00000
__Lbank46                                         bank46       00000
__Lbank47                                         bank47       00000
__Lbank48                                         bank48       00000
__Lbank49                                         bank49       00000
__Lbank5                                          bank5        00000
__Lbank50                                         bank50       00000
__Lbank51                                         bank51       00000
__Lbank52                                         bank52       00000
__Lbank53                                         bank53       00000
__Lbank54                                         bank54       00000
__Lbank55                                         bank55       00000
__Lbank56                                         bank56       00000
__Lbank57                                         bank57       00000
__Lbank58                                         bank58       00000
__Lbank59                                         bank59       00000
__Lbank6                                          bank6        00000
__Lbank60                                         bank60       00000
__Lbank61                                         bank61       00000
__Lbank62                                         bank62       00000
__Lbank63                                         bank63       00000
__Lbank7                                          bank7        00000
__Lbank8                                          bank8        00000
__Lbank9                                          bank9        00000
__Lbigram                                         bigram       00000
__LbssBANK1                                       bssBANK1     00000
__LbssBANK2                                       bssBANK2     00000
__Lcinit                                          cinit        007D5
__Lclrtext                                        clrtext      00000
__Lcode                                           code         00000
__Lcommon                                         common       00000
__Lconfig                                         config       00000
__LcstackBANK0                                    cstackBANK0  00000
__LcstackBANK1                                    cstackBANK1  00000
__LcstackCOMMON                                   cstackCOMMON 00000
__LdataBANK1                                      dataBANK1    00000
__LdataBANK2                                      dataBANK2    00000
__Leeprom_data                                    eeprom_data  00000
__Lend_init                                       end_init     00002
__Lfunctab                                        functab      00000
__LidataBANK1                                     idataBANK1   00000
__LidataBANK2                                     idataBANK2   00000
__Linit                                           init         00002
__Linittext                                       inittext     00000
__Lintentry                                       intentry     00002
__Lmaintext                                       maintext     00000
__LnvBANK1                                        nvBANK1      00000
__Lpowerup                                        powerup      00000
__Lram                                            ram          00000
__Lreset_vec                                      reset_vec    00000
__Lsfr0                                           sfr0         00000
__Lsfr1                                           sfr1         00000
__Lsfr10                                          sfr10        00000
__Lsfr11                                          sfr11        00000
__Lsfr12                                          sfr12        00000
__Lsfr13                                          sfr13        00000
__Lsfr14                                          sfr14        00000
__Lsfr15                                          sfr15        00000
__Lsfr16                                          sfr16        00000
__Lsfr17                                          sfr17        00000
__Lsfr18                                          sfr18        00000
__Lsfr19                                          sfr19        00000
__Lsfr2                                           sfr2         00000
__Lsfr20                                          sfr20        00000
__Lsfr21                                          sfr21        00000
__Lsfr22                                          sfr22        00000
__Lsfr23                                          sfr23        00000
__Lsfr24                                          sfr24        00000
__Lsfr25                                          sfr25        00000
__Lsfr26                                          sfr26        00000
__Lsfr27                                          sfr27        00000
__Lsfr28                                          sfr28        00000
__Lsfr29                                          sfr29        00000
__Lsfr3                                           sfr3         00000
__Lsfr30                                          sfr30        00000
__Lsfr31                                          sfr31        00000
__Lsfr32                                          sfr32        00000
__Lsfr33                                          sfr33        00000
__Lsfr34                                          sfr34        00000
__Lsfr35                                          sfr35        00000
__Lsfr36                                          sfr36        00000
__Lsfr37                                          sfr37        00000
__Lsfr38                                          sfr38        00000
__Lsfr39                                          sfr39        00000
__Lsfr4                                           sfr4         00000
__Lsfr40                                          sfr40        00000
__Lsfr41                                          sfr41        00000
__Lsfr42                                          sfr42        00000
__Lsfr43                                          sfr43        00000
__Lsfr44                                          sfr44        00000
__Lsfr45                                          sfr45        00000
__Lsfr46                                          sfr46        00000
__Lsfr47                                          sfr47        00000
__Lsfr48                                          sfr48        00000
__Lsfr49                                          sfr49        00000
__Lsfr5                                           sfr5         00000
__Lsfr50                                          sfr50        00000
__Lsfr51                                          sfr51        00000
__Lsfr52                                          sfr52        00000
__Lsfr53                                          sfr53        00000
__Lsfr54                                          sfr54        00000
__Lsfr55                                          sfr55        00000
__Lsfr56                                          sfr56        00000
__Lsfr57                                          sfr57        00000
__Lsfr58                                          sfr58        00000
__Lsfr59                                          sfr59        00000
__Lsfr6                                           sfr6         00000
__Lsfr60                                          sfr60        00000
__Lsfr61                                          sfr61        00000
__Lsfr62                                          sfr62        00000
__Lsfr63                                          sfr63        00000
__Lsfr7                                           sfr7         00000
__Lsfr8                                           sfr8         00000
__Lsfr9                                           sfr9         00000
__Lspace_0                                        (abs)        00000
__Lspace_1                                        (abs)        00000
__Lspace_2                                        (abs)        00000
__Lspace_3                                        (abs)        00000
__Lspace_4                                        (abs)        00000
__Lstack                                          stack        00000
__Lstrings                                        strings      00000
__Lstringtext1                                    stringtext1  00000
__Lstringtext2                                    stringtext2  00000
__Lstringtext3                                    stringtext3  00000
__Lstringtext4                                    stringtext4  00000
__Lstringtext5                                    stringtext5  00000
__Lstringtext6                                    stringtext6  00000
__Lstringtext7                                    stringtext7  00000
__Lstringtext8                                    stringtext8  00000
__Lstringtext9                                    stringtext9  00000
__Ltext                                           text         00000
__S0                                              (abs)        0109C
__S1                                              (abs)        00151
__S2                                              (abs)        00000
___aodiv                                          text17       002A9
___aodiv@counter                                  cstackCOMMON 00071
___aodiv@dividend                                 cstackBANK0  00028
___aodiv@divisor                                  cstackBANK0  00020
___aodiv@quotient                                 cstackCOMMON 00073
___aodiv@sign                                     cstackCOMMON 00072
___aomod                                          text16       001BF
___aomod@counter                                  cstackCOMMON 00071
___aomod@dividend                                 cstackBANK0  00028
___aomod@divisor                                  cstackBANK0  00020
___aomod@sign                                     cstackCOMMON 00072
___int_sp                                         stack        00000
___latbits                                        (abs)        00003
___sp                                             stack        00000
___stackhi                                        (abs)        027EF
___stacklo                                        (abs)        020D1
__end_of_EE_Read                                  text28       00FB6
__end_of_EE_Write                                 text27       00F70
__end_of_EUSART1_Initialize                       text23       00F92
__end_of_EUSART1_SetErrorHandler                  text26       00DE4
__end_of_EUSART1_SetFramingErrorHandler           text25       00DEA
__end_of_EUSART1_SetOverrunErrorHandler           text24       00DF0
__end_of_EUSART1_Write                            text14       00E22
__end_of_I2C1_Close                               text42       00F12
__end_of_I2C1_Initialize                          text22       00E0E
__end_of_I2C1_MasterClearIrq                      text45       00DB8
__end_of_I2C1_MasterClose                         text44       00DBB
__end_of_I2C1_MasterDisableIrq                    text43       00DBE
__end_of_I2C1_MasterEnableIrq                     text38       00DC4
__end_of_I2C1_MasterOpen                          text37       00E30
__end_of_I2C1_MasterOperation                     text40       00EF6
__end_of_I2C1_MasterRead                          text39       00DC9
__end_of_I2C1_MasterStart                         text41       00DC1
__end_of_I2C1_MasterWrite                         text32       00DCE
__end_of_I2C1_Open                                text35       000D3
__end_of_I2C1_SetAddressNackCallback              text30       00011
__end_of_I2C1_SetBuffer                           text34       00E40
__end_of_I2C1_SetCallback                         text31       00037
__end_of_I2C1_SetInterruptHandler                 text36       00DDE
__end_of_OSCILLATOR_Initialize                    text21       00E18
__end_of_PIN_MANAGER_Initialize                   text20       00166
__end_of_PMD_Initialize                           text19       00E04
__end_of_SYSTEM_Initialize                        text18       00E50
__end_of___aodiv                                  text17       003AA
__end_of___aomod                                  text16       002A9
__end_of__initialization                          cinit        007FD
__end_of_abs                                      text15       00EC1
__end_of_dtoa                                     text9        0065E
__end_of_fputc                                    text13       00DD3
__end_of_fputs                                    text12       0005E
__end_of_i2c1_fsmStateTable                       stringtext1  01042
__end_of_i2c_readNBytes                           text33       00F30
__end_of_i2c_writeNBytes                          text29       00FDB
__end_of_isalpha                                  text8        00F4E
__end_of_islower                                  text6        00EA7
__end_of_isupper                                  text7        00E8F
__end_of_main                                     maintext     00118
__end_of_pad                                      text10       001BF
__end_of_printf                                   text1        00E77
__end_of_strlen                                   text11       00EDB
__end_of_toupper                                  text5        01000
__end_of_vfpfcnvrt                                text3        004EE
__end_of_vfprintf                                 text2        0008F
__end_of_xtoa                                     text4        007D5
__initialization                                  cinit        007D5
__pbssBANK1                                       bssBANK1     000A0
__pbssBANK2                                       bssBANK2     00120
__pcstackBANK0                                    cstackBANK0  00020
__pcstackBANK1                                    cstackBANK1  000CD
__pcstackCOMMON                                   cstackCOMMON 00070
__pdataBANK1                                      dataBANK1    000E7
__pdataBANK2                                      dataBANK2    00140
__pidataBANK1                                     idataBANK1   00DD3
__pidataBANK2                                     idataBANK2   00E50
__pmaintext                                       maintext     000D3
__pnvBANK1                                        nvBANK1      000E1
__pstringtext1                                    stringtext1  01022
__pstringtext2                                    stringtext2  00800
__pstringtext3                                    stringtext3  01000
__pstringtext4                                    stringtext4  01042
__pstringtext5                                    stringtext5  0105D
__pstringtext6                                    stringtext6  01077
__pstringtext7                                    stringtext7  0108E
__pstringtext8                                    stringtext8  01095
__pstringtext9                                    stringtext9  00000
__ptext1                                          text1        00E61
__ptext10                                         text10       00166
__ptext11                                         text11       00EC1
__ptext12                                         text12       00037
__ptext13                                         text13       00DCE
__ptext14                                         text14       00E18
__ptext15                                         text15       00EA7
__ptext16                                         text16       001BF
__ptext17                                         text17       002A9
__ptext18                                         text18       00E40
__ptext19                                         text19       00DFC
__ptext2                                          text2        0005E
__ptext20                                         text20       00118
__ptext21                                         text21       00E0E
__ptext22                                         text22       00E04
__ptext23                                         text23       00F70
__ptext24                                         text24       00DEA
__ptext25                                         text25       00DE4
__ptext26                                         text26       00DDE
__ptext27                                         text27       00F4E
__ptext28                                         text28       00F92
__ptext29                                         text29       00FB6
__ptext3                                          text3        003AA
__ptext30                                         text30       00004
__ptext31                                         text31       00011
__ptext32                                         text32       00DC9
__ptext33                                         text33       00F12
__ptext34                                         text34       00E30
__ptext35                                         text35       0008F
__ptext36                                         text36       00DD8
__ptext37                                         text37       00E22
__ptext38                                         text38       00DC1
__ptext39                                         text39       00DC4
__ptext4                                          text4        0065E
__ptext40                                         text40       00EDB
__ptext41                                         text41       00DBE
__ptext42                                         text42       00EF6
__ptext43                                         text43       00DBB
__ptext44                                         text44       00DB8
__ptext45                                         text45       00DB5
__ptext5                                          text5        00FDB
__ptext6                                          text6        00E8F
__ptext7                                          text7        00E77
__ptext8                                          text8        00F30
__ptext9                                          text9        004EE
__size_of_EE_Read                                 (abs)        00000
__size_of_EE_Write                                (abs)        00000
__size_of_EUSART1_Initialize                      (abs)        00000
__size_of_EUSART1_SetErrorHandler                 (abs)        00000
__size_of_EUSART1_SetFramingErrorHandler          (abs)        00000
__size_of_EUSART1_SetOverrunErrorHandler          (abs)        00000
__size_of_EUSART1_Write                           (abs)        00000
__size_of_I2C1_Close                              (abs)        00000
__size_of_I2C1_Initialize                         (abs)        00000
__size_of_I2C1_MasterClearIrq                     (abs)        00000
__size_of_I2C1_MasterClose                        (abs)        00000
[...]
      Totals:         0       0       0       0       0       0       0       0       0       0       0       0       0       0       0       0       0       0       0       0       0       0       0       0       0       0       0
Total ram usage:        0 bytes
 Hardware stack levels used:    1
 This function calls:
		Nothing
 This function is called by:
		_I2C1_Open
 This function uses a non-reentrant model


 *************** function _I2C1_MasterEnableIrq *****************
 Defined at:
		line 627 in file "mcc_generated_files/i2c1_master.c"
 Parameters:    Size  Location     Type
		None
 Auto vars:     Size  Location     Type
		None
 Return value:  Size  Location     Type
                  1    wreg      void 
 Registers used:
		None
 Tracked objects:
		On entry : 
		On exit  : 
		Unchanged: 
 Data sizes:     COMMON   BANK0   BANK1   BANK2   BANK3   BANK4   BANK5   BANK6   BANK7   BANK8   BANK9  BANK10  BANK11  BANK12  BANK13  BANK14  BANK15  BANK16  BANK17  BANK18  BANK19  BANK20  BANK21  BANK22  BANK23  BANK24  BANK25
      Params:         0       0       0       0       0       0       0       0       0       0       0       0       0       0       0       0       0       0       0       0       0       0       0       0       0       0       0
      Locals:         0       0       0       0       0       0       0       0       0       0       0       0       0       0       0       0       0       0       0       0       0       0       0       0       0       0       0
      Temps:          0       0       0       0       0       0       0       0       0       0       0       0       0       0       0       0       0       0       0       0       0       0       0       0       0       0       0
      Totals:         0       0       0       0       0       0       0       0       0       0       0       0       0       0       0       0       0       0       0       0       0       0       0       0       0       0       0
Total ram usage:        0 bytes
 Hardware stack levels used:    1
 This function calls:
		Nothing
 This function is called by:
		_I2C1_Open
		_I2C1_SetTimeOut
 This function uses a non-reentrant model


 *************** function _I2C1_MasterRead *****************
 Defined at:
		line 247 in file "mcc_generated_files/i2c1_master.c"
 Parameters:    Size  Location     Type
		None
 Auto vars:     Size  Location     Type
		None
 Return value:  Size  Location     Type
                  1    wreg      enum E355
 Registers used:
		wreg, status,2, status,0, pclath, cstack
 Tracked objects:
		On entry : 
		On exit  : 
		Unchanged: 
 Data sizes:     COMMON   BANK0   BANK1   BANK2   BANK3   BANK4   BANK5   BANK6   BANK7   BANK8   BANK9  BANK10  BANK11  BANK12  BANK13  BANK14  BANK15  BANK16  BANK17  BANK18  BANK19  BANK20  BANK21  BANK22  BANK23  BANK24  BANK25
      Params:         0       0       0       0       0       0       0       0       0       0       0       0       0       0       0       0       0       0       0       0       0       0       0       0       0       0       0
      Locals:         0       0       0       0       0       0       0       0       0       0       0       0       0       0       0       0       0       0       0       0       0       0       0       0       0       0       0
      Temps:          0       0       0       0       0       0       0       0       0       0       0       0       0       0       0       0       0       0       0       0       0       0       0       0       0       0       0
      Totals:         0       0       0       0       0       0       0       0       0       0       0       0       0       0       0       0       0       0       0       0       0       0       0       0       0       0       0
Total ram usage:        0 bytes
 Hardware stack levels used:    1
 Hardware stack levels required when called:    2
 This function calls:
		_I2C1_MasterOperation
 This function is called by:
		_i2c_readNBytes
		_I2C1_ReadNBytes
 This function uses a non-reentrant model


 *************** function _I2C1_MasterOperation *****************
 Defined at:
		line 226 in file "mcc_generated_files/i2c1_master.c"
 Parameters:    Size  Location     Type
  read            1    wreg     _Bool 
 Auto vars:     Size  Location     Type
  read            1    1[COMMON] _Bool 
  returnValue     1    2[COMMON] enum E355
 Return value:  Size  Location     Type
                  1    wreg      enum E355
 Registers used:
		wreg, status,2, status,0, pclath, cstack
 Tracked objects:
		On entry : 
		On exit  : 
		Unchanged: 
 Data sizes:     COMMON   BANK0   BANK1   BANK2   BANK3   BANK4   BANK5   BANK6   BANK7   BANK8   BANK9  BANK10  BANK11  BANK12  BANK13  BANK14  BANK15  BANK16  BANK17  BANK18  BANK19  BANK20  BANK21  BANK22  BANK23  BANK24  BANK25
      Params:         0       0       0       0       0       0       0       0       0       0       0       0       0       0       0       0       0       0       0       0       0       0       0       0       0       0       0
      Locals:         2       0       0       0       0       0       0       0       0       0       0       0       0       0       0       0       0       0       0       0       0       0       0       0       0       0       0
      Temps:          1       0       0       0       0       0       0       0       0       0       0       0       0       0       0       0       0       0       0       0       0       0       0       0       0       0       0
      Totals:         3       0       0       0       0       0       0       0       0       0       0       0       0       0       0       0       0       0       0       0       0       0       0       0       0       0       0
Total ram usage:        3 bytes
 Hardware stack levels used:    1
 Hardware stack levels required when called:    1
 This function calls:
		_I2C1_MasterStart
 This function is called by:
		_I2C1_MasterRead
		_I2C1_MasterWrite
 This function uses a non-reentrant model


 *************** function _I2C1_MasterStart *****************
 Defined at:
		line 589 in file "mcc_generated_files/i2c1_master.c"
 Parameters:    Size  Location     Type
		None
 Auto vars:     Size  Location     Type
		None
 Return value:  Size  Location     Type
                  1    wreg      void 
 Registers used:
		None
 Tracked objects:
		On entry : 
		On exit  : 
		Unchanged: 
 Data sizes:     COMMON   BANK0   BANK1   BANK2   BANK3   BANK4   BANK5   BANK6   BANK7   BANK8   BANK9  BANK10  BANK11  BANK12  BANK13  BANK14  BANK15  BANK16  BANK17  BANK18  BANK19  BANK20  BANK21  BANK22  BANK23  BANK24  BANK25
      Params:         0       0       0       0       0       0       0       0       0       0       0       0       0       0       0       0       0       0       0       0       0       0       0       0       0       0       0
      Locals:         0       0       0       0       0       0       0       0       0       0       0       0       0       0       0       0       0       0       0       0       0       0       0       0       0       0       0
      Temps:          0       0       0       0       0       0       0       0       0       0       0       0       0       0       0       0       0       0       0       0       0       0       0       0       0       0       0
      Totals:         0       0       0       0       0       0       0       0       0       0       0       0       0       0       0       0       0       0       0       0       0       0       0       0       0       0       0
Total ram usage:        0 bytes
 Hardware stack levels used:    1
 This function calls:
		Nothing
 This function is called by:
		_I2C1_MasterOperation
 This function uses a non-reentrant model


 *************** function _I2C1_Close *****************
 Defined at:
		line 211 in file "mcc_generated_files/i2c1_master.c"
 Parameters:    Size  Location     Type
		None
 Auto vars:     Size  Location     Type
  returnValue     1    1[COMMON] enum E355
 Return value:  Size  Location     Type
                  1    wreg      enum E355
 Registers used:
		wreg, status,2, status,0, pclath, cstack
 Tracked objects:
		On entry : 
		On exit  : 
		Unchanged: 
 Data sizes:     COMMON   BANK0   BANK1   BANK2   BANK3   BANK4   BANK5   BANK6   BANK7   BANK8   BANK9  BANK10  BANK11  BANK12  BANK13  BANK14  BANK15  BANK16  BANK17  BANK18  BANK19  BANK20  BANK21  BANK22  BANK23  BANK24  BANK25
      Params:         0       0       0       0       0       0       0       0       0       0       0       0       0       0       0       0       0       0       0       0       0       0       0       0       0       0       0
      Locals:         1       0       0       0       0       0       0       0       0       0       0       0       0       0       0       0       0       0       0       0       0       0       0       0       0       0       0
      Temps:          1       0       0       0       0       0       0       0       0       0       0       0       0       0       0       0       0       0       0       0       0       0       0       0       0       0       0
      Totals:         2       0       0       0       0       0       0       0       0       0       0       0       0       0       0       0       0       0       0       0       0       0       0       0       0       0       0
Total ram usage:        2 bytes
 Hardware stack levels used:    1
 Hardware stack levels required when called:    1
 This function calls:
		_I2C1_MasterClearIrq
		_I2C1_MasterClose
		_I2C1_MasterDisableIrq
 This function is called by:
		_i2c_writeNBytes
		_i2c_readNBytes
		_i2c_write1ByteRegister
		_i2c_read1ByteRegister
		_i2c_read2ByteRegister
		_i2c_write2ByteRegister
		_i2c_readDataBlock
		_I2C1_Read1ByteRegister
		_I2C1_Read2ByteRegister
		_I2C1_Write1ByteRegister
		_I2C1_Write2ByteRegister
		_I2C1_WriteNBytes
		_I2C1_ReadNBytes
		_I2C1_ReadDataBlock
 This function uses a non-reentrant model


 *************** function _I2C1_MasterDisableIrq *****************
 Defined at:
		line 637 in file "mcc_generated_files/i2c1_master.c"
 Parameters:    Size  Location     Type
		None
 Auto vars:     Size  Location     Type
		None
 Return value:  Size  Location     Type
                  1    wreg      void 
 Registers used:
		None
 Tracked objects:
		On entry : 
		On exit  : 
		Unchanged: 
 Data sizes:     COMMON   BANK0   BANK1   BANK2   BANK3   BANK4   BANK5   BANK6   BANK7   BANK8   BANK9  BANK10  BANK11  BANK12  BANK13  BANK14  BANK15  BANK16  BANK17  BANK18  BANK19  BANK20  BANK21  BANK22  BANK23  BANK24  BANK25
      Params:         0       0       0       0       0       0       0       0       0       0       0       0       0       0       0       0       0       0       0       0       0       0       0       0       0       0       0
      Locals:         0       0       0       0       0       0       0       0       0       0       0       0       0       0       0       0       0       0       0       0       0       0       0       0       0       0       0
      Temps:          0       0       0       0       0       0       0       0       0       0       0       0       0       0       0       0       0       0       0       0       0       0       0       0       0       0       0
      Totals:         0       0       0       0       0       0       0       0       0       0       0       0       0       0       0       0       0       0       0       0       0       0       0       0       0       0       0
Total ram usage:        0 bytes
 Hardware stack levels used:    1
 This function calls:
		Nothing
 This function is called by:
		_I2C1_Close
		_I2C1_SetTimeOut
 This function uses a non-reentrant model


 *************** function _I2C1_MasterClose *****************
 Defined at:
		line 558 in file "mcc_generated_files/i2c1_master.c"
 Parameters:    Size  Location     Type
		None
 Auto vars:     Size  Location     Type
		None
 Return value:  Size  Location     Type
                  1    wreg      void 
 Registers used:
		None
 Tracked objects:
		On entry : 
		On exit  : 
		Unchanged: 
 Data sizes:     COMMON   BANK0   BANK1   BANK2   BANK3   BANK4   BANK5   BANK6   BANK7   BANK8   BANK9  BANK10  BANK11  BANK12  BANK13  BANK14  BANK15  BANK16  BANK17  BANK18  BANK19  BANK20  BANK21  BANK22  BANK23  BANK24  BANK25
      Params:         0       0       0       0       0       0       0       0       0       0       0       0       0       0       0       0       0       0       0       0       0       0       0       0       0       0       0
      Locals:         0       0       0       0       0       0       0       0       0       0       0       0       0       0       0       0       0       0       0       0       0       0       0       0       0       0       0
      Temps:          0       0       0       0       0       0       0       0       0       0       0       0       0       0       0       0       0       0       0       0       0       0       0       0       0       0       0
      Totals:         0       0       0       0       0       0       0       0       0       0       0       0       0       0       0       0       0       0       0       0       0       0       0       0       0       0       0
Total ram usage:        0 bytes
 Hardware stack levels used:    1
 This function calls:
		Nothing
 This function is called by:
		_I2C1_Close
 This function uses a non-reentrant model


 *************** function _I2C1_MasterClearIrq *****************
 Defined at:
		line 642 in file "mcc_generated_files/i2c1_master.c"
 Parameters:    Size  Location     Type
		None
 Auto vars:     Size  Location     Type
		None
 Return value:  Size  Location     Type
                  1    wreg      void 
 Registers used:
		None
 Tracked objects:
		On entry : 
		On exit  : 
		Unchanged: 
 Data sizes:     COMMON   BANK0   BANK1   BANK2   BANK3   BANK4   BANK5   BANK6   BANK7   BANK8   BANK9  BANK10  BANK11  BANK12  BANK13  BANK14  BANK15  BANK16  BANK17  BANK18  BANK19  BANK20  BANK21  BANK22  BANK23  BANK24  BANK25
      Params:         0       0       0       0       0       0       0       0       0       0       0       0       0       0       0       0       0       0       0       0       0       0       0       0       0       0       0
      Locals:         0       0       0       0       0       0       0       0       0       0       0       0       0       0       0       0       0       0       0       0       0       0       0       0       0       0       0
      Temps:          0       0       0       0       0       0       0       0       0       0       0       0       0       0       0       0       0       0       0       0       0       0       0       0       0       0       0
      Totals:         0       0       0       0       0       0       0       0       0       0       0       0       0       0       0       0       0       0       0       0       0       0       0       0       0       0       0
Total ram usage:        0 bytes
 Hardware stack levels used:    1
 This function calls:
		Nothing
 This function is called by:
		_I2C1_Open
		_I2C1_Close
		_I2C1_MasterFsm
 This function uses a non-reentrant model



MODULE INFORMATION

Module		Function		Class		Link	Load	Size
D:\program files\Microchip\xc8\v2.31\pic\sources\c99\common\printf.c
		_printf        		CODE           	0E61	0000	22

D:\program files\Microchip\xc8\v2.31\pic\sources\c99\common\printf.c estimated size: 22

mcc_generated_files/i2c1_master.c
		_I2C1_MasterRead		CODE           	0DC4	0000	5
		_I2C1_SetAddressNackCallback		CODE           	0004	0000	13
		_I2C1_MasterOpen		CODE           	0E22	0000	14
		_I2C1_MasterDisableIrq		CODE           	0DBB	0000	3
		_I2C1_MasterOperation		CODE           	0EDB	0000	27
		_I2C1_SetCallback		CODE           	0011	0000	38
		_I2C1_Open     		CODE           	008F	0000	68
		_I2C1_SetBuffer		CODE           	0E30	0000	16
		_I2C1_MasterClose		CODE           	0DB8	0000	3
		_I2C1_MasterWrite		CODE           	0DC9	0000	5
		_I2C1_Initialize		CODE           	0E04	0000	10
		_I2C1_Close    		CODE           	0EF6	0000	28
		_I2C1_MasterStart		CODE           	0DBE	0000	3
		_I2C1_MasterClearIrq		CODE           	0DB5	0000	3
		_I2C1_SetInterruptHandler		CODE           	0DD8	0000	6
		_I2C1_MasterEnableIrq		CODE           	0DC1	0000	3

mcc_generated_files/i2c1_master.c estimated size: 245

D:\program files\Microchip\xc8\v2.31\pic\sources\c99\common\aodiv.c
		___aodiv       		CODE           	02A9	0000	257

D:\program files\Microchip\xc8\v2.31\pic\sources\c99\common\aodiv.c estimated size: 257

mcc_generated_files/pin_manager.c
		_PIN_MANAGER_Initialize		CODE           	0118	0000	78

mcc_generated_files/pin_manager.c estimated size: 78

D:\program files\Microchip\xc8\v2.31\pic\sources\c99\common\strlen.c
		_strlen        		CODE           	0EC1	0000	26

D:\program files\Microchip\xc8\v2.31\pic\sources\c99\common\strlen.c estimated size: 26

D:\program files\Microchip\xc8\v2.31\pic\sources\c99\common\nf_fputs.c
		_fputs         		CODE           	0037	0000	39

D:\program files\Microchip\xc8\v2.31\pic\sources\c99\common\nf_fputs.c estimated size: 39

mcc_generated_files/drivers/i2c_simple_master.c
		_i2c_readNBytes		CODE           	0F12	0000	30
		_i2c_writeNBytes		CODE           	0FB6	0000	37

mcc_generated_files/drivers/i2c_simple_master.c estimated size: 67

D:\program files\Microchip\xc8\v2.31\pic\sources\c99\common\doprnt.c
		_vfpfcnvrt     		CODE           	03AA	0000	324
		_pad           		CODE           	0166	0000	89
		_dtoa          		CODE           	04EE	0000	368
		_vfprintf      		CODE           	005E	0000	49
		_xtoa          		CODE           	065E	0000	375

D:\program files\Microchip\xc8\v2.31\pic\sources\c99\common\doprnt.c estimated size: 1205

D:\program files\Microchip\xc8\v2.31\pic\sources\c99\common\islower.c
		_islower       		CODE           	0E8F	0000	24

D:\program files\Microchip\xc8\v2.31\pic\sources\c99\common\islower.c estimated size: 24

shared
		__initialization		CODE           	07D5	0000	40
		_i2c1_fsmStateTable		STRCODE        	1022	0000	32

shared estimated size: 72

mcc_generated_files/eusart1.c
		_EUSART1_Initialize		CODE           	0F70	0000	34
		_EUSART1_SetFramingErrorHandler		CODE           	0DE4	0000	6
		_EUSART1_SetOverrunErrorHandler		CODE           	0DEA	0000	6
		_EUSART1_SetErrorHandler		CODE           	0DDE	0000	6
		_EUSART1_Write 		CODE           	0E18	0000	10

mcc_generated_files/eusart1.c estimated size: 62

mcc_generated_files/mcc.c
		_PMD_Initialize		CODE           	0DFC	0000	8
		_OSCILLATOR_Initialize		CODE           	0E0E	0000	10
		_SYSTEM_Initialize		CODE           	0E40	0000	16

mcc_generated_files/mcc.c estimated size: 34

D:\program files\Microchip\xc8\v2.31\pic\sources\c99\common\isupper.c
		_isupper       		CODE           	0E77	0000	24

D:\program files\Microchip\xc8\v2.31\pic\sources\c99\common\isupper.c estimated size: 24

D:\program files\Microchip\xc8\v2.31\pic\sources\c99\common\toupper.c
		_toupper       		CODE           	0FDB	0000	37

D:\program files\Microchip\xc8\v2.31\pic\sources\c99\common\toupper.c estimated size: 37

D:\program files\Microchip\xc8\v2.31\pic\sources\c99\common\abs.c
		_abs           		CODE           	0EA7	0000	26

D:\program files\Microchip\xc8\v2.31\pic\sources\c99\common\abs.c estimated size: 26

main.c
		_main          		CODE           	00D3	0000	69
		_EE_Write      		CODE           	0F4E	0000	34
		_fputc         		CODE           	0DCE	0000	5
		_EE_Read       		CODE           	0F92	0000	36

main.c estimated size: 144

D:\program files\Microchip\xc8\v2.31\pic\sources\c99\common\aomod.c
		___aomod       		CODE           	01BF	0000	234

D:\program files\Microchip\xc8\v2.31\pic\sources\c99\common\aomod.c estimated size: 234

D:\program files\Microchip\xc8\v2.31\pic\sources\c99\common\isalpha.c
		_isalpha       		CODE           	0F30	0000	30

D:\program files\Microchip\xc8\v2.31\pic\sources\c99\common\isalpha.c estimated size: 30

